
Optional file libmchp_peripheral.a not found

Optional file libmchp_peripheral_32MX170F256B.a not found
Archive member included because of file (symbol)

/opt/microchip/xc32/v2.40/bin/bin/../../lib/gcc/pic32mx/4.8.3/../../../../pic32mx/lib/libpic32.a(default-bootstrap-exception-handler.o)
                              /tmp/ccIjVd5B.o (_bootstrap_exception_handler)
/opt/microchip/xc32/v2.40/bin/bin/../../lib/gcc/pic32mx/4.8.3/../../../../pic32mx/lib/libpic32.a(default-on-reset.o)
                              /tmp/ccIjVd5B.o (_on_reset)
/opt/microchip/xc32/v2.40/bin/bin/../../lib/gcc/pic32mx/4.8.3/../../../../pic32mx/lib/libpic32.a(default-on-bootstrap.o)
                              /tmp/ccIjVd5B.o (_on_bootstrap)
/opt/microchip/xc32/v2.40/bin/bin/../../lib/gcc/pic32mx/4.8.3/../../../../pic32mx/lib/libpic32.a(default-nmi-handler.o)
                              /tmp/ccIjVd5B.o (_nmi_handler)
/opt/microchip/xc32/v2.40/bin/bin/../../lib/gcc/pic32mx/4.8.3/../../../../pic32mx/lib/libpic32.a(pic32_data_init.o)
                              /tmp/ccIjVd5B.o (__pic32_data_init)
/opt/microchip/xc32/v2.40/bin/bin/../../lib/gcc/pic32mx/4.8.3/../../../../pic32mx/lib/libpic32.a(general-exception.o)
                              /tmp/ccIjVd5B.o (_general_exception_context)
/opt/microchip/xc32/v2.40/bin/bin/../../lib/gcc/pic32mx/4.8.3/../../../../pic32mx/lib/libpic32.a(vector0.o)
                              /tmp/cc4joijj.o (__vector_dispatch_0)
/opt/microchip/xc32/v2.40/bin/bin/../../lib/gcc/pic32mx/4.8.3/../../../../pic32mx/lib/libpic32.a(vector1.o)
                              /tmp/cc4joijj.o (__vector_dispatch_1)
/opt/microchip/xc32/v2.40/bin/bin/../../lib/gcc/pic32mx/4.8.3/../../../../pic32mx/lib/libpic32.a(vector2.o)
                              /tmp/cc4joijj.o (__vector_dispatch_2)
/opt/microchip/xc32/v2.40/bin/bin/../../lib/gcc/pic32mx/4.8.3/../../../../pic32mx/lib/libpic32.a(vector3.o)
                              /tmp/cc4joijj.o (__vector_dispatch_3)
/opt/microchip/xc32/v2.40/bin/bin/../../lib/gcc/pic32mx/4.8.3/../../../../pic32mx/lib/libpic32.a(vector4.o)
                              /tmp/cc4joijj.o (__vector_dispatch_4)
/opt/microchip/xc32/v2.40/bin/bin/../../lib/gcc/pic32mx/4.8.3/../../../../pic32mx/lib/libpic32.a(vector5.o)
                              /tmp/cc4joijj.o (__vector_dispatch_5)
/opt/microchip/xc32/v2.40/bin/bin/../../lib/gcc/pic32mx/4.8.3/../../../../pic32mx/lib/libpic32.a(vector6.o)
                              /tmp/cc4joijj.o (__vector_dispatch_6)
/opt/microchip/xc32/v2.40/bin/bin/../../lib/gcc/pic32mx/4.8.3/../../../../pic32mx/lib/libpic32.a(vector7.o)
                              /tmp/cc4joijj.o (__vector_dispatch_7)
/opt/microchip/xc32/v2.40/bin/bin/../../lib/gcc/pic32mx/4.8.3/../../../../pic32mx/lib/libpic32.a(vector8.o)
                              /tmp/cc4joijj.o (__vector_dispatch_8)
/opt/microchip/xc32/v2.40/bin/bin/../../lib/gcc/pic32mx/4.8.3/../../../../pic32mx/lib/libpic32.a(vector9.o)
                              /tmp/cc4joijj.o (__vector_dispatch_9)
/opt/microchip/xc32/v2.40/bin/bin/../../lib/gcc/pic32mx/4.8.3/../../../../pic32mx/lib/libpic32.a(vector10.o)
                              /tmp/cc4joijj.o (__vector_dispatch_10)
/opt/microchip/xc32/v2.40/bin/bin/../../lib/gcc/pic32mx/4.8.3/../../../../pic32mx/lib/libpic32.a(vector11.o)
                              /tmp/cc4joijj.o (__vector_dispatch_11)
/opt/microchip/xc32/v2.40/bin/bin/../../lib/gcc/pic32mx/4.8.3/../../../../pic32mx/lib/libpic32.a(vector12.o)
                              /tmp/cc4joijj.o (__vector_dispatch_12)
/opt/microchip/xc32/v2.40/bin/bin/../../lib/gcc/pic32mx/4.8.3/../../../../pic32mx/lib/libpic32.a(vector13.o)
                              /tmp/cc4joijj.o (__vector_dispatch_13)
/opt/microchip/xc32/v2.40/bin/bin/../../lib/gcc/pic32mx/4.8.3/../../../../pic32mx/lib/libpic32.a(vector14.o)
                              /tmp/cc4joijj.o (__vector_dispatch_14)
/opt/microchip/xc32/v2.40/bin/bin/../../lib/gcc/pic32mx/4.8.3/../../../../pic32mx/lib/libpic32.a(vector15.o)
                              /tmp/cc4joijj.o (__vector_dispatch_15)
/opt/microchip/xc32/v2.40/bin/bin/../../lib/gcc/pic32mx/4.8.3/../../../../pic32mx/lib/libpic32.a(vector16.o)
                              /tmp/cc4joijj.o (__vector_dispatch_16)
/opt/microchip/xc32/v2.40/bin/bin/../../lib/gcc/pic32mx/4.8.3/../../../../pic32mx/lib/libpic32.a(vector17.o)
                              /tmp/cc4joijj.o (__vector_dispatch_17)
/opt/microchip/xc32/v2.40/bin/bin/../../lib/gcc/pic32mx/4.8.3/../../../../pic32mx/lib/libpic32.a(vector18.o)
                              /tmp/cc4joijj.o (__vector_dispatch_18)
/opt/microchip/xc32/v2.40/bin/bin/../../lib/gcc/pic32mx/4.8.3/../../../../pic32mx/lib/libpic32.a(vector19.o)
                              /tmp/cc4joijj.o (__vector_dispatch_19)
/opt/microchip/xc32/v2.40/bin/bin/../../lib/gcc/pic32mx/4.8.3/../../../../pic32mx/lib/libpic32.a(vector20.o)
                              /tmp/cc4joijj.o (__vector_dispatch_20)
[...]
Memory Configuration

Name             Origin             Length             Attributes
kseg0_program_mem 0x000000009d000000 0x000000000003f000 xr
exception_mem    0x000000009d03f000 0x0000000000001000
debug_exec_mem   0x000000009fc00490 0x0000000000000760
kseg0_boot_mem   0x000000009fc00490 0x0000000000000000
kseg1_boot_mem   0x00000000bfc00000 0x0000000000000490
config3          0x00000000bfc00bf0 0x0000000000000004
config2          0x00000000bfc00bf4 0x0000000000000004
config1          0x00000000bfc00bf8 0x0000000000000004
config0          0x00000000bfc00bfc 0x0000000000000004
kseg1_data_mem   0x00000000a0000000 0x0000000000010000 w !x
sfrs             0x00000000bf800000 0x0000000000100000
configsfrs       0x00000000bfc00bf0 0x0000000000000010
*default*        0x0000000000000000 0xffffffffffffffff

Linker script and memory map

LOAD /opt/microchip/xc32/v2.40/bin/bin/../../lib/gcc/pic32mx/4.8.3/../../../../pic32mx/lib/debug-exception-return.o
LOAD build/default/production/main.o
LOAD build/default/production/spi.o
                0x0000000000000001                __MPLAB_BUILD = 0x1
LOAD /tmp/ccIjVd5B.o
LOAD /tmp/ccUq3PWW.o
LOAD /tmp/cc4joijj.o
LOAD /opt/microchip/xc32/v2.40/bin/bin/../../lib/gcc/pic32mx/4.8.3/../../../../pic32mx/lib/pic32_software_reset.o
                0x0000000000000400                PROVIDE (_min_stack_size, 0x400)
START GROUP
LOAD /opt/microchip/xc32/v2.40/bin/bin/../../lib/gcc/pic32mx/4.8.3/../../../../pic32mx/lib/./proc/32MX170F256B/processor.o
END GROUP
START GROUP
LOAD libmchp_peripheral.a
END GROUP
START GROUP
LOAD libmchp_peripheral_32MX170F256B.a
END GROUP
                0x0000000000000001                PROVIDE (_vector_spacing, 0x1)
                0x000000009d03f000                PROVIDE (_ebase_address, 0x9d03f000)
                0x00000000bfc00000                _RESET_ADDR = 0xbfc00000
                0x00000000bfc00380                _BEV_EXCPT_ADDR = 0xbfc00380
                0x00000000bfc00480                _DBG_EXCPT_ADDR = 0xbfc00480
                0x000000009fc00490                _DBG_CODE_ADDR = 0x9fc00490
                0x0000000000000760                _DBG_CODE_SIZE = 0x760
                0x000000009d03f180                _GEN_EXCPT_ADDR = (_ebase_address + 0x180)

.config_BFC00BF0
                0x00000000bfc00bf0        0x4
 *(.config_BFC00BF0)
 .config_BFC00BF0
                0x00000000bfc00bf0        0x4 build/default/production/main.o

.config_BFC00BF4
                0x00000000bfc00bf4        0x4
 *(.config_BFC00BF4)
 .config_BFC00BF4
                0x00000000bfc00bf4        0x4 build/default/production/main.o

.config_BFC00BF8
                0x00000000bfc00bf8        0x4
 *(.config_BFC00BF8)
 .config_BFC00BF8
                0x00000000bfc00bf8        0x4 build/default/production/main.o

.config_BFC00BFC
                0x00000000bfc00bfc        0x4
 *(.config_BFC00BFC)
 .config_BFC00BFC
                0x00000000bfc00bfc        0x4 build/default/production/main.o
                0x00000000bfc02000                PROVIDE (_DBG_CODE_ADDR, 0xbfc02000)
                0x0000000000000ff0                PROVIDE (_DBG_CODE_SIZE, 0xff0)

.reset          0x00000000bfc00000      0x178
 *(.reset)
 .reset         0x00000000bfc00000        0x8 /tmp/ccIjVd5B.o
                0x00000000bfc00000                _reset
 *(.reset.startup)
 .reset.startup
                0x00000000bfc00008      0x170 /tmp/ccIjVd5B.o
                0x00000000bfc00008                _startup

.bev_excpt      0x00000000bfc00380       0x10
 *(.bev_handler)
 .bev_handler   0x00000000bfc00380       0x10 /tmp/ccIjVd5B.o

.dbg_excpt      0x00000000bfc00480        0x0
                0x00000000bfc00480                . = (. + DEFINED (_DEBUGGER)?0x8:0x0)

.dbg_code       0x000000009fc00490        0x0
                0x000000009fc00490                . = (. + DEFINED (_DEBUGGER)?_DBG_CODE_SIZE:0x0)

.app_excpt      0x000000009d03f180       0x10
 *(.gen_handler)
 .gen_handler   0x000000009d03f180       0x10 /tmp/ccIjVd5B.o

.vector_0       0x000000009d03f200        0x8
 *(.vector_0)
 .vector_0      0x000000009d03f200        0x8 /opt/microchip/xc32/v2.40/bin/bin/../../lib/gcc/pic32mx/4.8.3/../../../../pic32mx/lib/libpic32.a(vector0.o)
                0x000000009d03f200                __vector_dispatch_0
                0x0000000000000001                ASSERT (((_vector_spacing == 0x0) || (SIZEOF (.vector_0) <= (_vector_spacing << 0x5))), function at exception vector 0 too large)

.vector_1       0x000000009d03f220        0x8
 *(.vector_1)
 .vector_1      0x000000009d03f220        0x8 /opt/microchip/xc32/v2.40/bin/bin/../../lib/gcc/pic32mx/4.8.3/../../../../pic32mx/lib/libpic32.a(vector1.o)
                0x000000009d03f220                __vector_dispatch_1
                0x0000000000000001                ASSERT (((_vector_spacing == 0x0) || (SIZEOF (.vector_1) <= (_vector_spacing << 0x5))), function at exception vector 1 too large)

.vector_2       0x000000009d03f240        0x8
 *(.vector_2)
 .vector_2      0x000000009d03f240        0x8 /opt/microchip/xc32/v2.40/bin/bin/../../lib/gcc/pic32mx/4.8.3/../../../../pic32mx/lib/libpic32.a(vector2.o)
                0x000000009d03f240                __vector_dispatch_2
                0x0000000000000001                ASSERT (((_vector_spacing == 0x0) || (SIZEOF (.vector_2) <= (_vector_spacing << 0x5))), function at exception vector 2 too large)

.vector_3       0x000000009d03f260        0x8
 *(.vector_3)
 .vector_3      0x000000009d03f260        0x8 /opt/microchip/xc32/v2.40/bin/bin/../../lib/gcc/pic32mx/4.8.3/../../../../pic32mx/lib/libpic32.a(vector3.o)
                0x000000009d03f260                __vector_dispatch_3
                0x0000000000000001                ASSERT (((_vector_spacing == 0x0) || (SIZEOF (.vector_3) <= (_vector_spacing << 0x5))), function at exception vector 3 too large)

.vector_4       0x000000009d03f280        0x8
 *(.vector_4)
 .vector_4      0x000000009d03f280        0x8 /opt/microchip/xc32/v2.40/bin/bin/../../lib/gcc/pic32mx/4.8.3/../../../../pic32mx/lib/libpic32.a(vector4.o)
                0x000000009d03f280                __vector_dispatch_4
                0x0000000000000001                ASSERT (((_vector_spacing == 0x0) || (SIZEOF (.vector_4) <= (_vector_spacing << 0x5))), function at exception vector 4 too large)

.vector_5       0x000000009d03f2a0        0x8
 *(.vector_5)
 .vector_5      0x000000009d03f2a0        0x8 /opt/microchip/xc32/v2.40/bin/bin/../../lib/gcc/pic32mx/4.8.3/../../../../pic32mx/lib/libpic32.a(vector5.o)
                0x000000009d03f2a0                __vector_dispatch_5
                0x0000000000000001                ASSERT (((_vector_spacing == 0x0) || (SIZEOF (.vector_5) <= (_vector_spacing << 0x5))), function at exception vector 5 too large)

.vector_6       0x000000009d03f2c0        0x8
 *(.vector_6)
 .vector_6      0x000000009d03f2c0        0x8 /opt/microchip/xc32/v2.40/bin/bin/../../lib/gcc/pic32mx/4.8.3/../../../../pic32mx/lib/libpic32.a(vector6.o)
                0x000000009d03f2c0                __vector_dispatch_6
                0x0000000000000001                ASSERT (((_vector_spacing == 0x0) || (SIZEOF (.vector_6) <= (_vector_spacing << 0x5))), function at exception vector 6 too large)

.vector_7       0x000000009d03f2e0        0x8
 *(.vector_7)
 .vector_7      0x000000009d03f2e0        0x8 /opt/microchip/xc32/v2.40/bin/bin/../../lib/gcc/pic32mx/4.8.3/../../../../pic32mx/lib/libpic32.a(vector7.o)
                0x000000009d03f2e0                __vector_dispatch_7
                0x0000000000000001                ASSERT (((_vector_spacing == 0x0) || (SIZEOF (.vector_7) <= (_vector_spacing << 0x5))), function at exception vector 7 too large)

.vector_8       0x000000009d03f300        0x8
 *(.vector_8)
 .vector_8      0x000000009d03f300        0x8 /opt/microchip/xc32/v2.40/bin/bin/../../lib/gcc/pic32mx/4.8.3/../../../../pic32mx/lib/libpic32.a(vector8.o)
                0x000000009d03f300                __vector_dispatch_8
                0x0000000000000001                ASSERT (((_vector_spacing == 0x0) || (SIZEOF (.vector_8) <= (_vector_spacing << 0x5))), function at exception vector 8 too large)

.vector_9       0x000000009d03f320        0x8
 *(.vector_9)
 .vector_9      0x000000009d03f320        0x8 /opt/microchip/xc32/v2.40/bin/bin/../../lib/gcc/pic32mx/4.8.3/../../../../pic32mx/lib/libpic32.a(vector9.o)
                0x000000009d03f320                __vector_dispatch_9
                0x0000000000000001                ASSERT (((_vector_spacing == 0x0) || (SIZEOF (.vector_9) <= (_vector_spacing << 0x5))), function at exception vector 9 too large)

.vector_10      0x000000009d03f340        0x8
 *(.vector_10)
 .vector_10     0x000000009d03f340        0x8 /opt/microchip/xc32/v2.40/bin/bin/../../lib/gcc/pic32mx/4.8.3/../../../../pic32mx/lib/libpic32.a(vector10.o)
                0x000000009d03f340                __vector_dispatch_10
                0x0000000000000001                ASSERT (((_vector_spacing == 0x0) || (SIZEOF (.vector_10) <= (_vector_spacing << 0x5))), function at exception vector 10 too large)

.vector_11      0x000000009d03f360        0x8
 *(.vector_11)
 .vector_11     0x000000009d03f360        0x8 /opt/microchip/xc32/v2.40/bin/bin/../../lib/gcc/pic32mx/4.8.3/../../../../pic32mx/lib/libpic32.a(vector11.o)
                0x000000009d03f360                __vector_dispatch_11
                0x0000000000000001                ASSERT (((_vector_spacing == 0x0) || (SIZEOF (.vector_11) <= (_vector_spacing << 0x5))), function at exception vector 11 too large)

.vector_12      0x000000009d03f380        0x8
 *(.vector_12)
 .vector_12     0x000000009d03f380        0x8 /opt/microchip/xc32/v2.40/bin/bin/../../lib/gcc/pic32mx/4.8.3/../../../../pic32mx/lib/libpic32.a(vector12.o)
                0x000000009d03f380                __vector_dispatch_12
                0x0000000000000001                ASSERT (((_vector_spacing == 0x0) || (SIZEOF (.vector_12) <= (_vector_spacing << 0x5))), function at exception vector 12 too large)

.vector_13      0x000000009d03f3a0        0x8
 *(.vector_13)
 .vector_13     0x000000009d03f3a0        0x8 /opt/microchip/xc32/v2.40/bin/bin/../../lib/gcc/pic32mx/4.8.3/../../../../pic32mx/lib/libpic32.a(vector13.o)
                0x000000009d03f3a0                __vector_dispatch_13
                0x0000000000000001                ASSERT (((_vector_spacing == 0x0) || (SIZEOF (.vector_13) <= (_vector_spacing << 0x5))), function at exception vector 13 too large)

.vector_14      0x000000009d03f3c0        0x8
 *(.vector_14)
 .vector_14     0x000000009d03f3c0        0x8 /opt/microchip/xc32/v2.40/bin/bin/../../lib/gcc/pic32mx/4.8.3/../../../../pic32mx/lib/libpic32.a(vector14.o)
                0x000000009d03f3c0                __vector_dispatch_14
                0x0000000000000001                ASSERT (((_vector_spacing == 0x0) || (SIZEOF (.vector_14) <= (_vector_spacing << 0x5))), function at exception vector 14 too large)

.vector_15      0x000000009d03f3e0        0x8
 *(.vector_15)
 .vector_15     0x000000009d03f3e0        0x8 /opt/microchip/xc32/v2.40/bin/bin/../../lib/gcc/pic32mx/4.8.3/../../../../pic32mx/lib/libpic32.a(vector15.o)
                0x000000009d03f3e0                __vector_dispatch_15
                0x0000000000000001                ASSERT (((_vector_spacing == 0x0) || (SIZEOF (.vector_15) <= (_vector_spacing << 0x5))), function at exception vector 15 too large)

.vector_16      0x000000009d03f400        0x8
 *(.vector_16)
 .vector_16     0x000000009d03f400        0x8 /opt/microchip/xc32/v2.40/bin/bin/../../lib/gcc/pic32mx/4.8.3/../../../../pic32mx/lib/libpic32.a(vector16.o)
                0x000000009d03f400                __vector_dispatch_16
                0x0000000000000001                ASSERT (((_vector_spacing == 0x0) || (SIZEOF (.vector_16) <= (_vector_spacing << 0x5))), function at exception vector 16 too large)

.vector_17      0x000000009d03f420        0x8
 *(.vector_17)
 .vector_17     0x000000009d03f420        0x8 /opt/microchip/xc32/v2.40/bin/bin/../../lib/gcc/pic32mx/4.8.3/../../../../pic32mx/lib/libpic32.a(vector17.o)
                0x000000009d03f420                __vector_dispatch_17
                0x0000000000000001                ASSERT (((_vector_spacing == 0x0) || (SIZEOF (.vector_17) <= (_vector_spacing << 0x5))), function at exception vector 17 too large)

.vector_18      0x000000009d03f440        0x8
 *(.vector_18)
 .vector_18     0x000000009d03f440        0x8 /opt/microchip/xc32/v2.40/bin/bin/../../lib/gcc/pic32mx/4.8.3/../../../../pic32mx/lib/libpic32.a(vector18.o)
                0x000000009d03f440                __vector_dispatch_18
                0x0000000000000001                ASSERT (((_vector_spacing == 0x0) || (SIZEOF (.vector_18) <= (_vector_spacing << 0x5))), function at exception vector 18 too large)

.vector_19      0x000000009d03f460        0x8
 *(.vector_19)
 .vector_19     0x000000009d03f460        0x8 /opt/microchip/xc32/v2.40/bin/bin/../../lib/gcc/pic32mx/4.8.3/../../../../pic32mx/lib/libpic32.a(vector19.o)
                0x000000009d03f460                __vector_dispatch_19
                0x0000000000000001                ASSERT (((_vector_spacing == 0x0) || (SIZEOF (.vector_19) <= (_vector_spacing << 0x5))), function at exception vector 19 too large)

.vector_20      0x000000009d03f480        0x8
 *(.vector_20)
 .vector_20     0x000000009d03f480        0x8 /opt/microchip/xc32/v2.40/bin/bin/../../lib/gcc/pic32mx/4.8.3/../../../../pic32mx/lib/libpic32.a(vector20.o)
                0x000000009d03f480                __vector_dispatch_20
                0x0000000000000001                ASSERT (((_vector_spacing == 0x0) || (SIZEOF (.vector_20) <= (_vector_spacing << 0x5))), function at exception vector 20 too large)

.vector_21      0x000000009d03f4a0        0x8
 *(.vector_21)
 .vector_21     0x000000009d03f4a0        0x8 /opt/microchip/xc32/v2.40/bin/bin/../../lib/gcc/pic32mx/4.8.3/../../../../pic32mx/lib/libpic32.a(vector21.o)
                0x000000009d03f4a0                __vector_dispatch_21
                0x0000000000000001                ASSERT (((_vector_spacing == 0x0) || (SIZEOF (.vector_21) <= (_vector_spacing << 0x5))), function at exception vector 21 too large)

.vector_22      0x000000009d03f4c0        0x8
 *(.vector_22)
 .vector_22     0x000000009d03f4c0        0x8 /opt/microchip/xc32/v2.40/bin/bin/../../lib/gcc/pic32mx/4.8.3/../../../../pic32mx/lib/libpic32.a(vector22.o)
                0x000000009d03f4c0                __vector_dispatch_22
                0x0000000000000001                ASSERT (((_vector_spacing == 0x0) || (SIZEOF (.vector_22) <= (_vector_spacing << 0x5))), function at exception vector 22 too large)

.vector_23      0x000000009d03f4e0        0x8
 *(.vector_23)
 .vector_23     0x000000009d03f4e0        0x8 /opt/microchip/xc32/v2.40/bin/bin/../../lib/gcc/pic32mx/4.8.3/../../../../pic32mx/lib/libpic32.a(vector23.o)
                0x000000009d03f4e0                __vector_dispatch_23
                0x0000000000000001                ASSERT (((_vector_spacing == 0x0) || (SIZEOF (.vector_23) <= (_vector_spacing << 0x5))), function at exception vector 23 too large)

.vector_24      0x000000009d03f500        0x8
 *(.vector_24)
 .vector_24     0x000000009d03f500        0x8 /opt/microchip/xc32/v2.40/bin/bin/../../lib/gcc/pic32mx/4.8.3/../../../../pic32mx/lib/libpic32.a(vector24.o)
                0x000000009d03f500                __vector_dispatch_24
                0x0000000000000001                ASSERT (((_vector_spacing == 0x0) || (SIZEOF (.vector_24) <= (_vector_spacing << 0x5))), function at exception vector 24 too large)

.vector_25      0x000000009d03f520        0x8
 *(.vector_25)
 .vector_25     0x000000009d03f520        0x8 /opt/microchip/xc32/v2.40/bin/bin/../../lib/gcc/pic32mx/4.8.3/../../../../pic32mx/lib/libpic32.a(vector25.o)
                0x000000009d03f520                __vector_dispatch_25
                0x0000000000000001                ASSERT (((_vector_spacing == 0x0) || (SIZEOF (.vector_25) <= (_vector_spacing << 0x5))), function at exception vector 25 too large)

.vector_26      0x000000009d03f540        0x8
 *(.vector_26)
 .vector_26     0x000000009d03f540        0x8 /opt/microchip/xc32/v2.40/bin/bin/../../lib/gcc/pic32mx/4.8.3/../../../../pic32mx/lib/libpic32.a(vector26.o)
                0x000000009d03f540                __vector_dispatch_26
                0x0000000000000001                ASSERT (((_vector_spacing == 0x0) || (SIZEOF (.vector_26) <= (_vector_spacing << 0x5))), function at exception vector 26 too large)

.vector_27      0x000000009d03f560        0x8
 *(.vector_27)
 .vector_27     0x000000009d03f560        0x8 /opt/microchip/xc32/v2.40/bin/bin/../../lib/gcc/pic32mx/4.8.3/../../../../pic32mx/lib/libpic32.a(vector27.o)
                0x000000009d03f560                __vector_dispatch_27
                0x0000000000000001                ASSERT (((_vector_spacing == 0x0) || (SIZEOF (.vector_27) <= (_vector_spacing << 0x5))), function at exception vector 27 too large)

.vector_28      0x000000009d03f580        0x8
 *(.vector_28)
 .vector_28     0x000000009d03f580        0x8 /opt/microchip/xc32/v2.40/bin/bin/../../lib/gcc/pic32mx/4.8.3/../../../../pic32mx/lib/libpic32.a(vector28.o)
                0x000000009d03f580                __vector_dispatch_28
                0x0000000000000001                ASSERT (((_vector_spacing == 0x0) || (SIZEOF (.vector_28) <= (_vector_spacing << 0x5))), function at exception vector 28 too large)

.vector_29      0x000000009d03f5a0        0x8
 *(.vector_29)
 .vector_29     0x000000009d03f5a0        0x8 /opt/microchip/xc32/v2.40/bin/bin/../../lib/gcc/pic32mx/4.8.3/../../../../pic32mx/lib/libpic32.a(vector29.o)
                0x000000009d03f5a0                __vector_dispatch_29
                0x0000000000000001                ASSERT (((_vector_spacing == 0x0) || (SIZEOF (.vector_29) <= (_vector_spacing << 0x5))), function at exception vector 29 too large)

.vector_30      0x000000009d03f5c0        0x8
 *(.vector_30)
 .vector_30     0x000000009d03f5c0        0x8 /opt/microchip/xc32/v2.40/bin/bin/../../lib/gcc/pic32mx/4.8.3/../../../../pic32mx/lib/libpic32.a(vector30.o)
                0x000000009d03f5c0                __vector_dispatch_30
                0x0000000000000001                ASSERT (((_vector_spacing == 0x0) || (SIZEOF (.vector_30) <= (_vector_spacing << 0x5))), function at exception vector 30 too large)

.vector_31      0x000000009d03f5e0        0x8
 *(.vector_31)
 .vector_31     0x000000009d03f5e0        0x8 /opt/microchip/xc32/v2.40/bin/bin/../../lib/gcc/pic32mx/4.8.3/../../../../pic32mx/lib/libpic32.a(vector31.o)
                0x000000009d03f5e0                __vector_dispatch_31
                0x0000000000000001                ASSERT (((_vector_spacing == 0x0) || (SIZEOF (.vector_31) <= (_vector_spacing << 0x5))), function at exception vector 31 too large)

.vector_32      0x000000009d03f600        0x8
 *(.vector_32)
 .vector_32     0x000000009d03f600        0x8 /opt/microchip/xc32/v2.40/bin/bin/../../lib/gcc/pic32mx/4.8.3/../../../../pic32mx/lib/libpic32.a(vector32.o)
                0x000000009d03f600                __vector_dispatch_32
                0x0000000000000001                ASSERT (((_vector_spacing == 0x0) || (SIZEOF (.vector_32) <= (_vector_spacing << 0x5))), function at exception vector 32 too large)

.vector_33      0x000000009d03f620        0x8
 *(.vector_33)
 .vector_33     0x000000009d03f620        0x8 /opt/microchip/xc32/v2.40/bin/bin/../../lib/gcc/pic32mx/4.8.3/../../../../pic32mx/lib/libpic32.a(vector33.o)
                0x000000009d03f620                __vector_dispatch_33
                0x0000000000000001                ASSERT (((_vector_spacing == 0x0) || (SIZEOF (.vector_33) <= (_vector_spacing << 0x5))), function at exception vector 33 too large)

.vector_34      0x000000009d03f640        0x8
 *(.vector_34)
 .vector_34     0x000000009d03f640        0x8 /opt/microchip/xc32/v2.40/bin/bin/../../lib/gcc/pic32mx/4.8.3/../../../../pic32mx/lib/libpic32.a(vector34.o)
                0x000000009d03f640                __vector_dispatch_34
                0x0000000000000001                ASSERT (((_vector_spacing == 0x0) || (SIZEOF (.vector_34) <= (_vector_spacing << 0x5))), function at exception vector 34 too large)

.vector_35      0x000000009d03f660        0x8
 *(.vector_35)
 .vector_35     0x000000009d03f660        0x8 /opt/microchip/xc32/v2.40/bin/bin/../../lib/gcc/pic32mx/4.8.3/../../../../pic32mx/lib/libpic32.a(vector35.o)
                0x000000009d03f660                __vector_dispatch_35
                0x0000000000000001                ASSERT (((_vector_spacing == 0x0) || (SIZEOF (.vector_35) <= (_vector_spacing << 0x5))), function at exception vector 35 too large)

.vector_36      0x000000009d03f680        0x8
 *(.vector_36)
 .vector_36     0x000000009d03f680        0x8 /opt/microchip/xc32/v2.40/bin/bin/../../lib/gcc/pic32mx/4.8.3/../../../../pic32mx/lib/libpic32.a(vector36.o)
                0x000000009d03f680                __vector_dispatch_36
                0x0000000000000001                ASSERT (((_vector_spacing == 0x0) || (SIZEOF (.vector_36) <= (_vector_spacing << 0x5))), function at exception vector 36 too large)

.vector_37      0x000000009d03f6a0        0x8
 *(.vector_37)
 .vector_37     0x000000009d03f6a0        0x8 /opt/microchip/xc32/v2.40/bin/bin/../../lib/gcc/pic32mx/4.8.3/../../../../pic32mx/lib/libpic32.a(vector37.o)
                0x000000009d03f6a0                __vector_dispatch_37
                0x0000000000000001                ASSERT (((_vector_spacing == 0x0) || (SIZEOF (.vector_37) <= (_vector_spacing << 0x5))), function at exception vector 37 too large)

.vector_38      0x000000009d03f6c0        0x8
 *(.vector_38)
 .vector_38     0x000000009d03f6c0        0x8 /opt/microchip/xc32/v2.40/bin/bin/../../lib/gcc/pic32mx/4.8.3/../../../../pic32mx/lib/libpic32.a(vector38.o)
                0x000000009d03f6c0                __vector_dispatch_38
                0x0000000000000001                ASSERT (((_vector_spacing == 0x0) || (SIZEOF (.vector_38) <= (_vector_spacing << 0x5))), function at exception vector 38 too large)

.vector_39      0x000000009d03f6e0        0x8
 *(.vector_39)
 .vector_39     0x000000009d03f6e0        0x8 /opt/microchip/xc32/v2.40/bin/bin/../../lib/gcc/pic32mx/4.8.3/../../../../pic32mx/lib/libpic32.a(vector39.o)
                0x000000009d03f6e0                __vector_dispatch_39
                0x0000000000000001                ASSERT (((_vector_spacing == 0x0) || (SIZEOF (.vector_39) <= (_vector_spacing << 0x5))), function at exception vector 39 too large)

.vector_40      0x000000009d03f700        0x8
 *(.vector_40)
 .vector_40     0x000000009d03f700        0x8 /opt/microchip/xc32/v2.40/bin/bin/../../lib/gcc/pic32mx/4.8.3/../../../../pic32mx/lib/libpic32.a(vector40.o)
                0x000000009d03f700                __vector_dispatch_40
                0x0000000000000001                ASSERT (((_vector_spacing == 0x0) || (SIZEOF (.vector_40) <= (_vector_spacing << 0x5))), function at exception vector 40 too large)

.vector_41      0x000000009d03f720        0x8
 *(.vector_41)
 .vector_41     0x000000009d03f720        0x8 /opt/microchip/xc32/v2.40/bin/bin/../../lib/gcc/pic32mx/4.8.3/../../../../pic32mx/lib/libpic32.a(vector41.o)
                0x000000009d03f720                __vector_dispatch_41
                0x0000000000000001                ASSERT (((_vector_spacing == 0x0) || (SIZEOF (.vector_41) <= (_vector_spacing << 0x5))), function at exception vector 41 too large)

.vector_42      0x000000009d03f740        0x8
 *(.vector_42)
 .vector_42     0x000000009d03f740        0x8 /opt/microchip/xc32/v2.40/bin/bin/../../lib/gcc/pic32mx/4.8.3/../../../../pic32mx/lib/libpic32.a(vector42.o)
                0x000000009d03f740                __vector_dispatch_42
                0x0000000000000001                ASSERT (((_vector_spacing == 0x0) || (SIZEOF (.vector_42) <= (_vector_spacing << 0x5))), function at exception vector 42 too large)

.vector_43      0x000000009d03f760        0x8
 *(.vector_43)
 .vector_43     0x000000009d03f760        0x8 /opt/microchip/xc32/v2.40/bin/bin/../../lib/gcc/pic32mx/4.8.3/../../../../pic32mx/lib/libpic32.a(vector43.o)
                0x000000009d03f760                __vector_dispatch_43
                0x0000000000000001                ASSERT (((_vector_spacing == 0x0) || (SIZEOF (.vector_43) <= (_vector_spacing << 0x5))), function at exception vector 43 too large)

.vector_44      0x000000009d03f780        0x0
 *(.vector_44)
                0x0000000000000001                ASSERT (((_vector_spacing == 0x0) || (SIZEOF (.vector_44) <= (_vector_spacing << 0x5))), function at exception vector 44 too large)

.vector_45      0x000000009d03f7a0        0x0
 *(.vector_45)
                0x0000000000000001                ASSERT (((_vector_spacing == 0x0) || (SIZEOF (.vector_45) <= (_vector_spacing << 0x5))), function at exception vector 45 too large)

.vector_46      0x000000009d03f7c0        0x0
 *(.vector_46)
                0x0000000000000001                ASSERT (((_vector_spacing == 0x0) || (SIZEOF (.vector_46) <= (_vector_spacing << 0x5))), function at exception vector 46 too large)

.vector_47      0x000000009d03f7e0        0x0
 *(.vector_47)
                0x0000000000000001                ASSERT (((_vector_spacing == 0x0) || (SIZEOF (.vector_47) <= (_vector_spacing << 0x5))), function at exception vector 47 too large)

.vector_48      0x000000009d03f800        0x0
 *(.vector_48)
                0x0000000000000001                ASSERT (((_vector_spacing == 0x0) || (SIZEOF (.vector_48) <= (_vector_spacing << 0x5))), function at exception vector 48 too large)

.vector_49      0x000000009d03f820        0x0
 *(.vector_49)
                0x0000000000000001                ASSERT (((_vector_spacing == 0x0) || (SIZEOF (.vector_49) <= (_vector_spacing << 0x5))), function at exception vector 49 too large)

.vector_50      0x000000009d03f840        0x0
 *(.vector_50)
                0x0000000000000001                ASSERT (((_vector_spacing == 0x0) || (SIZEOF (.vector_50) <= (_vector_spacing << 0x5))), function at exception vector 50 too large)

.vector_51      0x000000009d03f860        0x0
 *(.vector_51)
                0x0000000000000001                ASSERT (((_vector_spacing == 0x0) || (SIZEOF (.vector_51) <= (_vector_spacing << 0x5))), function at exception vector 51 too large)

.vector_52      0x000000009d03f880        0x0
 *(.vector_52)
                0x0000000000000001                ASSERT (((_vector_spacing == 0x0) || (SIZEOF (.vector_52) <= (_vector_spacing << 0x5))), function at exception vector 52 too large)

.vector_53      0x000000009d03f8a0        0x0
 *(.vector_53)
                0x0000000000000001                ASSERT (((_vector_spacing == 0x0) || (SIZEOF (.vector_53) <= (_vector_spacing << 0x5))), function at exception vector 53 too large)

.vector_54      0x000000009d03f8c0        0x0
 *(.vector_54)
                0x0000000000000001                ASSERT (((_vector_spacing == 0x0) || (SIZEOF (.vector_54) <= (_vector_spacing << 0x5))), function at exception vector 54 too large)

.vector_55      0x000000009d03f8e0        0x0
 *(.vector_55)
                0x0000000000000001                ASSERT (((_vector_spacing == 0x0) || (SIZEOF (.vector_55) <= (_vector_spacing << 0x5))), function at exception vector 55 too large)

.vector_56      0x000000009d03f900        0x0
 *(.vector_56)
                0x0000000000000001                ASSERT (((_vector_spacing == 0x0) || (SIZEOF (.vector_56) <= (_vector_spacing << 0x5))), function at exception vector 56 too large)

.vector_57      0x000000009d03f920        0x0
 *(.vector_57)
                0x0000000000000001                ASSERT (((_vector_spacing == 0x0) || (SIZEOF (.vector_57) <= (_vector_spacing << 0x5))), function at exception vector 57 too large)

.vector_58      0x000000009d03f940        0x0
 *(.vector_58)
                0x0000000000000001                ASSERT (((_vector_spacing == 0x0) || (SIZEOF (.vector_58) <= (_vector_spacing << 0x5))), function at exception vector 58 too large)

.vector_59      0x000000009d03f960        0x0
 *(.vector_59)
                0x0000000000000001                ASSERT (((_vector_spacing == 0x0) || (SIZEOF (.vector_59) <= (_vector_spacing << 0x5))), function at exception vector 59 too large)

.vector_60      0x000000009d03f980        0x0
 *(.vector_60)
                0x0000000000000001                ASSERT (((_vector_spacing == 0x0) || (SIZEOF (.vector_60) <= (_vector_spacing << 0x5))), function at exception vector 60 too large)

.vector_61      0x000000009d03f9a0        0x0
 *(.vector_61)
                0x0000000000000001                ASSERT (((_vector_spacing == 0x0) || (SIZEOF (.vector_61) <= (_vector_spacing << 0x5))), function at exception vector 61 too large)

.vector_62      0x000000009d03f9c0        0x0
 *(.vector_62)
                0x0000000000000001                ASSERT (((_vector_spacing == 0x0) || (SIZEOF (.vector_62) <= (_vector_spacing << 0x5))), function at exception vector 62 too large)

.vector_63      0x000000009d03f9e0        0x0
 *(.vector_63)
                0x0000000000000001                ASSERT (((_vector_spacing == 0x0) || (SIZEOF (.vector_63) <= (_vector_spacing << 0x5))), function at exception vector 63 too large)

.startup
 *(.startup)

.text           0x000000009d000000        0x0
 *(.stub .gnu.linkonce.t.*)
 *(.text.*personality*)
 *(.mips16.fn.*)
 *(.mips16.call.*)
 *(.gnu.warning)
                0x000000009d000000                . = ALIGN (0x4)

.init           0x000000009d000000        0x0
 *crti.o(.init)
 *crtbegin.o(.init)
 *(EXCLUDE_FILE(*crtn.o *crtend?.o *crtend.o) .init)
 *crtend.o(.init)
 *crtn.o(.init)
                0x000000009d000000                . = ALIGN (0x4)

.fini           0x000000009d000000        0x0
 *(.fini)
                0x000000009d000000                . = ALIGN (0x4)

.preinit_array  0x000000009d000000        0x0
                0x000000009d000000                PROVIDE (__preinit_array_start, .)
 *(.preinit_array)
                0x000000009d000000                PROVIDE (__preinit_array_end, .)
                0x000000009d000000                . = ALIGN (0x4)

.init_array     0x000000009d000000        0x0
                0x000000009d000000                PROVIDE (__init_array_start, .)
 *(SORT(.init_array.*))
 *(.init_array)
                0x000000009d000000                PROVIDE (__init_array_end, .)
                0x000000009d000000                . = ALIGN (0x4)

.fini_array     0x000000009d000000        0x0
                0x000000009d000000                PROVIDE (__fini_array_start, .)
 *(SORT(.fini_array.*))
 *(.fini_array)
                0x000000009d000000                PROVIDE (__fini_array_end, .)
                0x000000009d000000                . = ALIGN (0x4)

.ctors          0x000000009d000000        0x0
 *crtbegin.o(.ctors)
 *crtbegin?.o(.ctors)
 *(EXCLUDE_FILE(*crtend?.o *crtend.o) .ctors)
 *(SORT(.ctors.*))
 *(.ctors)
                0x000000009d000000                . = ALIGN (0x4)

.dtors          0x000000009d000000        0x0
 *crtbegin.o(.dtors)
 *crtbegin?.o(.dtors)
 *(EXCLUDE_FILE(*crtend?.o *crtend.o) .dtors)
 *(SORT(.dtors.*))
 *(.dtors)
                0x000000009d000000                . = ALIGN (0x4)

.rodata         0x000000009d000000        0x0
 *(.gnu.linkonce.r.*)
 *(.rodata1)
                0x000000009d000000                . = ALIGN (0x4)

.sdata2         0x000000009fc00490        0x0
 *(.sdata2 .sdata2.* .gnu.linkonce.s2.*)
                0x000000009fc00490                . = ALIGN (0x4)

.sbss2          0x000000009fc00490        0x0
 *(.sbss2 .sbss2.* .gnu.linkonce.sb2.*)
                0x000000009fc00490                . = ALIGN (0x4)

.eh_frame_hdr
 *(.eh_frame_hdr)
                0x000000009fc00490                . = ALIGN (0x4)

.eh_frame
 *(.eh_frame)
                0x000000009fc00490                . = ALIGN (0x4)

.gcc_except_table
 *(.gcc_except_table .gcc_except_table.*)
                0x000000009fc00490                . = ALIGN (0x4)

.dbg_data       0x00000000a0000000        0x0
                0x00000000a0000000                . = (. + DEFINED (_DEBUGGER)?0x200:0x0)

.jcr            0x00000000a0000000        0x0
 *(.jcr)
                0x00000000a0000000                . = ALIGN (0x4)

.eh_frame
 *(.eh_frame)
                0x00000000a0000000                . = ALIGN (0x4)

.gcc_except_table
 *(.gcc_except_table .gcc_except_table.*)
                0x00000000a0000000                . = ALIGN (0x4)

.persist        0x00000000a0000000        0x0
                0x00000000a0000000                _persist_begin = .
 *(.persist .persist.*)
 *(.pbss .pbss.*)
                0x00000000a0000000                . = ALIGN (0x4)
                0x00000000a0000000                _persist_end = .

.data           0x00000000a0000000        0x0
 *(.gnu.linkonce.d.*)
 *(.data1)
                0x00000000a0000000                . = ALIGN (0x4)
                0x00000000a0000000                . = .
                0x00000000a0007ff0                _gp = (ALIGN (0x10) + 0x7ff0)

.got            0x00000000a0000000        0x0
 *(.got.plt)
 *(.got)
                0x00000000a0000000                . = ALIGN (0x4)

.sdata          0x00000000a0000000        0x0
                0x00000000a0000000                _sdata_begin = .
 *(.sdata .sdata.* .gnu.linkonce.s.*)
                0x00000000a0000000                . = ALIGN (0x4)
                0x00000000a0000000                _sdata_end = .

.lit8
 *(.lit8)

.lit4
 *(.lit4)
                0x00000000a0000000                . = ALIGN (0x4)
                0x00000000a0000000                _data_end = .
                0x00000000a0000000                _bss_begin = .

.sbss           0x00000000a0000000        0x0
                0x00000000a0000000                _sbss_begin = .
 *(.dynsbss)
 *(.sbss .sbss.* .gnu.linkonce.sb.*)
 *(.scommon)
                0x00000000a0000000                _sbss_end = .
                0x00000000a0000000                . = ALIGN (0x4)

.bss            0x00000000a0000000        0x0
 *(.dynbss)
 *(COMMON)
                0x00000000a0000000                . = ALIGN ((. != 0x0)?0x4:0x1)
                0x00000000a0000000                . = ALIGN (0x4)
                0x00000000a0000000                _end = .
                0x00000000a0000000                _bss_end = .
                0x0000000000010000                _bmxdudba_address = 0x10000
                0x0000000000010000                _bmxdupba_address = 0x10000

/DISCARD/
 *(.pdr)
 *(.rel.dyn)
 *(.note.GNU-stack)
 *(.note.GNU-stack)
 *(.gnu_debuglink)
 *(.gnu.lto_*)
 *(.discard)

.gptab.sdata
 *(.gptab.data)
 *(.gptab.sdata)

.gptab.sbss
 *(.gptab.bss)
 *(.gptab.sbss)

.mdebug.abi32   0x00000000a0000000        0x0
 *(.mdebug.abi32)
 .mdebug.abi32  0x00000000a0000000        0x0 build/default/production/main.o
 .mdebug.abi32  0x00000000a0000000        0x0 build/default/production/spi.o
 .mdebug.abi32  0x00000000a0000000        0x0 /opt/microchip/xc32/v2.40/bin/bin/../../lib/gcc/pic32mx/4.8.3/../../../../pic32mx/lib/libpic32.a(default-bootstrap-exception-handler.o)
 .mdebug.abi32  0x00000000a0000000        0x0 /opt/microchip/xc32/v2.40/bin/bin/../../lib/gcc/pic32mx/4.8.3/../../../../pic32mx/lib/libpic32.a(default-on-reset.o)
 .mdebug.abi32  0x00000000a0000000        0x0 /opt/microchip/xc32/v2.40/bin/bin/../../lib/gcc/pic32mx/4.8.3/../../../../pic32mx/lib/libpic32.a(default-on-bootstrap.o)
 .mdebug.abi32  0x00000000a0000000        0x0 /opt/microchip/xc32/v2.40/bin/bin/../../lib/gcc/pic32mx/4.8.3/../../../../pic32mx/lib/libpic32.a(default-general-exception-handler.o)
 .mdebug.abi32  0x00000000a0000000        0x0 /opt/microchip/xc32/v2.40/bin/bin/../../lib/gcc/pic32mx/4.8.3/../../../../pic32mx/lib/libpic32.a(defaultinterrupt.o)

.mdebug.abiN32
 *(.mdebug.abiN32)

.mdebug.abi64
 *(.mdebug.abi64)

.mdebug.abiO64
 *(.mdebug.abiO64)

.mdebug.eabi32
 *(.mdebug.eabi32)

.mdebug.eabi64
 *(.mdebug.eabi64)

.gcc_compiled_long32
 *(.gcc_compiled_long32)

.gcc_compiled_long64
 *(.gcc_compiled_long64)

.stab
 *(.stab)

.stabstr
 *(.stabstr)

.stab.excl
 *(.stab.excl)

.stab.exclstr
 *(.stab.exclstr)

.stab.index
 *(.stab.index)

.stab.indexstr
 *(.stab.indexstr)

.comment        0x0000000000000000       0x3c
 *(.comment)
 .comment       0x0000000000000000       0x3c build/default/production/main.o
                                         0x3d (size before relaxing)
 .comment       0x0000000000000000       0x3d build/default/production/spi.o
 .comment       0x0000000000000000       0x3d /opt/microchip/xc32/v2.40/bin/bin/../../lib/gcc/pic32mx/4.8.3/../../../../pic32mx/lib/libpic32.a(default-bootstrap-exception-handler.o)
 .comment       0x0000000000000000       0x3d /opt/microchip/xc32/v2.40/bin/bin/../../lib/gcc/pic32mx/4.8.3/../../../../pic32mx/lib/libpic32.a(default-on-reset.o)
 .comment       0x0000000000000000       0x3d /opt/microchip/xc32/v2.40/bin/bin/../../lib/gcc/pic32mx/4.8.3/../../../../pic32mx/lib/libpic32.a(default-on-bootstrap.o)
 .comment       0x0000000000000000       0x3d /opt/microchip/xc32/v2.40/bin/bin/../../lib/gcc/pic32mx/4.8.3/../../../../pic32mx/lib/libpic32.a(default-general-exception-handler.o)
 .comment       0x0000000000000000       0x3d /opt/microchip/xc32/v2.40/bin/bin/../../lib/gcc/pic32mx/4.8.3/../../../../pic32mx/lib/libpic32.a(defaultinterrupt.o)

.debug
 *(.debug)

.line
 *(.line)

.debug_srcinfo
 *(.debug_srcinfo)

.debug_sfnames
 *(.debug_sfnames)

.debug_aranges  0x0000000000000000       0xe0
 *(.debug_aranges)
 .debug_aranges
                0x0000000000000000       0x20 build/default/production/main.o
 .debug_aranges
                0x0000000000000020       0x20 build/default/production/spi.o
 .debug_aranges
                0x0000000000000040       0x20 /opt/microchip/xc32/v2.40/bin/bin/../../lib/gcc/pic32mx/4.8.3/../../../../pic32mx/lib/libpic32.a(default-bootstrap-exception-handler.o)
 .debug_aranges
                0x0000000000000060       0x20 /opt/microchip/xc32/v2.40/bin/bin/../../lib/gcc/pic32mx/4.8.3/../../../../pic32mx/lib/libpic32.a(default-on-reset.o)
 .debug_aranges
                0x0000000000000080       0x20 /opt/microchip/xc32/v2.40/bin/bin/../../lib/gcc/pic32mx/4.8.3/../../../../pic32mx/lib/libpic32.a(default-on-bootstrap.o)
 .debug_aranges
                0x00000000000000a0       0x20 /opt/microchip/xc32/v2.40/bin/bin/../../lib/gcc/pic32mx/4.8.3/../../../../pic32mx/lib/libpic32.a(default-general-exception-handler.o)
 .debug_aranges
                0x00000000000000c0       0x20 /opt/microchip/xc32/v2.40/bin/bin/../../lib/gcc/pic32mx/4.8.3/../../../../pic32mx/lib/libpic32.a(defaultinterrupt.o)

.debug_pubnames
 *(.debug_pubnames)

.debug_info     0x0000000000000000     0x150d
 *(.debug_info .gnu.linkonce.wi.*)
 .debug_info    0x0000000000000000      0x909 build/default/production/main.o
 .debug_info    0x0000000000000909      0x797 build/default/production/spi.o
 .debug_info    0x00000000000010a0       0xf4 /opt/microchip/xc32/v2.40/bin/bin/../../lib/gcc/pic32mx/4.8.3/../../../../pic32mx/lib/libpic32.a(default-bootstrap-exception-handler.o)
 .debug_info    0x0000000000001194       0xcd /opt/microchip/xc32/v2.40/bin/bin/../../lib/gcc/pic32mx/4.8.3/../../../../pic32mx/lib/libpic32.a(default-on-reset.o)
 .debug_info    0x0000000000001261       0xd5 /opt/microchip/xc32/v2.40/bin/bin/../../lib/gcc/pic32mx/4.8.3/../../../../pic32mx/lib/libpic32.a(default-on-bootstrap.o)
 .debug_info    0x0000000000001336       0xf0 /opt/microchip/xc32/v2.40/bin/bin/../../lib/gcc/pic32mx/4.8.3/../../../../pic32mx/lib/libpic32.a(default-general-exception-handler.o)
 .debug_info    0x0000000000001426       0xe7 /opt/microchip/xc32/v2.40/bin/bin/../../lib/gcc/pic32mx/4.8.3/../../../../pic32mx/lib/libpic32.a(defaultinterrupt.o)

.debug_abbrev   0x0000000000000000      0x299
 *(.debug_abbrev)
 .debug_abbrev  0x0000000000000000       0xf5 build/default/production/main.o
 .debug_abbrev  0x00000000000000f5       0xdc build/default/production/spi.o
 .debug_abbrev  0x00000000000001d1       0x28 /opt/microchip/xc32/v2.40/bin/bin/../../lib/gcc/pic32mx/4.8.3/../../../../pic32mx/lib/libpic32.a(default-bootstrap-exception-handler.o)
 .debug_abbrev  0x00000000000001f9       0x28 /opt/microchip/xc32/v2.40/bin/bin/../../lib/gcc/pic32mx/4.8.3/../../../../pic32mx/lib/libpic32.a(default-on-reset.o)
 .debug_abbrev  0x0000000000000221       0x28 /opt/microchip/xc32/v2.40/bin/bin/../../lib/gcc/pic32mx/4.8.3/../../../../pic32mx/lib/libpic32.a(default-on-bootstrap.o)
 .debug_abbrev  0x0000000000000249       0x28 /opt/microchip/xc32/v2.40/bin/bin/../../lib/gcc/pic32mx/4.8.3/../../../../pic32mx/lib/libpic32.a(default-general-exception-handler.o)
 .debug_abbrev  0x0000000000000271       0x28 /opt/microchip/xc32/v2.40/bin/bin/../../lib/gcc/pic32mx/4.8.3/../../../../pic32mx/lib/libpic32.a(defaultinterrupt.o)

.debug_line     0x0000000000000000      0x5df
 *(.debug_line)
 .debug_line    0x0000000000000000      0x180 build/default/production/main.o
 .debug_line    0x0000000000000180      0x146 build/default/production/spi.o
 .debug_line    0x00000000000002c6       0xa6 /opt/microchip/xc32/v2.40/bin/bin/../../lib/gcc/pic32mx/4.8.3/../../../../pic32mx/lib/libpic32.a(default-bootstrap-exception-handler.o)
 .debug_line    0x000000000000036c       0x93 /opt/microchip/xc32/v2.40/bin/bin/../../lib/gcc/pic32mx/4.8.3/../../../../pic32mx/lib/libpic32.a(default-on-reset.o)
 .debug_line    0x00000000000003ff       0x97 /opt/microchip/xc32/v2.40/bin/bin/../../lib/gcc/pic32mx/4.8.3/../../../../pic32mx/lib/libpic32.a(default-on-bootstrap.o)
 .debug_line    0x0000000000000496       0xa4 /opt/microchip/xc32/v2.40/bin/bin/../../lib/gcc/pic32mx/4.8.3/../../../../pic32mx/lib/libpic32.a(default-general-exception-handler.o)
 .debug_line    0x000000000000053a       0xa5 /opt/microchip/xc32/v2.40/bin/bin/../../lib/gcc/pic32mx/4.8.3/../../../../pic32mx/lib/libpic32.a(defaultinterrupt.o)

.debug_frame    0x0000000000000000      0x17c
 *(.debug_frame)
 .debug_frame   0x0000000000000000       0x74 build/default/production/main.o
 .debug_frame   0x0000000000000074       0x50 build/default/production/spi.o
 .debug_frame   0x00000000000000c4       0x2c /opt/microchip/xc32/v2.40/bin/bin/../../lib/gcc/pic32mx/4.8.3/../../../../pic32mx/lib/libpic32.a(default-bootstrap-exception-handler.o)
 .debug_frame   0x00000000000000f0       0x20 /opt/microchip/xc32/v2.40/bin/bin/../../lib/gcc/pic32mx/4.8.3/../../../../pic32mx/lib/libpic32.a(default-on-reset.o)
 .debug_frame   0x0000000000000110       0x20 /opt/microchip/xc32/v2.40/bin/bin/../../lib/gcc/pic32mx/4.8.3/../../../../pic32mx/lib/libpic32.a(default-on-bootstrap.o)
 .debug_frame   0x0000000000000130       0x2c /opt/microchip/xc32/v2.40/bin/bin/../../lib/gcc/pic32mx/4.8.3/../../../../pic32mx/lib/libpic32.a(default-general-exception-handler.o)
 .debug_frame   0x000000000000015c       0x20 /opt/microchip/xc32/v2.40/bin/bin/../../lib/gcc/pic32mx/4.8.3/../../../../pic32mx/lib/libpic32.a(defaultinterrupt.o)

.debug_str      0x0000000000000000        0x0
 *(.debug_str)
 .debug_str     0x0000000000000000        0x0 build/default/production/main.o
 .debug_str     0x0000000000000000        0x0 build/default/production/spi.o
 .debug_str     0x0000000000000000        0x0 /opt/microchip/xc32/v2.40/bin/bin/../../lib/gcc/pic32mx/4.8.3/../../../../pic32mx/lib/libpic32.a(default-bootstrap-exception-handler.o)
 .debug_str     0x0000000000000000        0x0 /opt/microchip/xc32/v2.40/bin/bin/../../lib/gcc/pic32mx/4.8.3/../../../../pic32mx/lib/libpic32.a(default-on-reset.o)
 .debug_str     0x0000000000000000        0x0 /opt/microchip/xc32/v2.40/bin/bin/../../lib/gcc/pic32mx/4.8.3/../../../../pic32mx/lib/libpic32.a(default-on-bootstrap.o)
 .debug_str     0x0000000000000000        0x0 /opt/microchip/xc32/v2.40/bin/bin/../../lib/gcc/pic32mx/4.8.3/../../../../pic32mx/lib/libpic32.a(default-general-exception-handler.o)
 .debug_str     0x0000000000000000        0x0 /opt/microchip/xc32/v2.40/bin/bin/../../lib/gcc/pic32mx/4.8.3/../../../../pic32mx/lib/libpic32.a(defaultinterrupt.o)

.debug_loc      0x0000000000000000       0x58
 *(.debug_loc)
 .debug_loc     0x0000000000000000       0x2c /opt/microchip/xc32/v2.40/bin/bin/../../lib/gcc/pic32mx/4.8.3/../../../../pic32mx/lib/libpic32.a(default-bootstrap-exception-handler.o)
 .debug_loc     0x000000000000002c       0x2c /opt/microchip/xc32/v2.40/bin/bin/../../lib/gcc/pic32mx/4.8.3/../../../../pic32mx/lib/libpic32.a(default-general-exception-handler.o)

.debug_macinfo
 *(.debug_macinfo)

.debug_weaknames
 *(.debug_weaknames)

.debug_funcnames
 *(.debug_funcnames)

.debug_typenames
 *(.debug_typenames)

.debug_varnames
 *(.debug_varnames)

.debug_pubtypes
 *(.debug_pubtypes)

.debug_ranges   0x0000000000000000       0x50
 *(.debug_ranges)
 .debug_ranges  0x0000000000000000       0x10 /opt/microchip/xc32/v2.40/bin/bin/../../lib/gcc/pic32mx/4.8.3/../../../../pic32mx/lib/libpic32.a(default-bootstrap-exception-handler.o)
 .debug_ranges  0x0000000000000010       0x10 /opt/microchip/xc32/v2.40/bin/bin/../../lib/gcc/pic32mx/4.8.3/../../../../pic32mx/lib/libpic32.a(default-on-reset.o)
 .debug_ranges  0x0000000000000020       0x10 /opt/microchip/xc32/v2.40/bin/bin/../../lib/gcc/pic32mx/4.8.3/../../../../pic32mx/lib/libpic32.a(default-on-bootstrap.o)
 .debug_ranges  0x0000000000000030       0x10 /opt/microchip/xc32/v2.40/bin/bin/../../lib/gcc/pic32mx/4.8.3/../../../../pic32mx/lib/libpic32.a(default-general-exception-handler.o)
 .debug_ranges  0x0000000000000040       0x10 /opt/microchip/xc32/v2.40/bin/bin/../../lib/gcc/pic32mx/4.8.3/../../../../pic32mx/lib/libpic32.a(defaultinterrupt.o)

.gnu.attributes
                0x0000000000000000       0x10
 *(.gnu.attributes)
 .gnu.attributes
                0x0000000000000000       0x10 build/default/production/main.o
 .gnu.attributes
                0x0000000000000010       0x10 build/default/production/spi.o
 .gnu.attributes
                0x0000000000000020       0x10 /opt/microchip/xc32/v2.40/bin/bin/../../lib/gcc/pic32mx/4.8.3/../../../../pic32mx/lib/libpic32.a(default-bootstrap-exception-handler.o)
 .gnu.attributes
                0x0000000000000030       0x10 /opt/microchip/xc32/v2.40/bin/bin/../../lib/gcc/pic32mx/4.8.3/../../../../pic32mx/lib/libpic32.a(default-on-reset.o)
 .gnu.attributes
                0x0000000000000040       0x10 /opt/microchip/xc32/v2.40/bin/bin/../../lib/gcc/pic32mx/4.8.3/../../../../pic32mx/lib/libpic32.a(default-on-bootstrap.o)
 .gnu.attributes
                0x0000000000000050       0x10 /opt/microchip/xc32/v2.40/bin/bin/../../lib/gcc/pic32mx/4.8.3/../../../../pic32mx/lib/libpic32.a(default-general-exception-handler.o)
 .gnu.attributes
                0x0000000000000060       0x10 /opt/microchip/xc32/v2.40/bin/bin/../../lib/gcc/pic32mx/4.8.3/../../../../pic32mx/lib/libpic32.a(defaultinterrupt.o)
LOAD /opt/microchip/xc32/v2.40/bin/bin/../../lib/gcc/pic32mx/4.8.3/libgcc.a
START GROUP
LOAD /opt/microchip/xc32/v2.40/bin/bin/../../lib/gcc/pic32mx/4.8.3/../../../../pic32mx/lib/libpic32.a
LOAD /opt/microchip/xc32/v2.40/bin/bin/../../lib/gcc/pic32mx/4.8.3/../../../../pic32mx/lib/libdebug.a
LOAD /opt/microchip/xc32/v2.40/bin/bin/../../lib/gcc/pic32mx/4.8.3/../../../../pic32mx/lib/libpic32.a
LOAD /opt/microchip/xc32/v2.40/bin/bin/../../lib/gcc/pic32mx/4.8.3/../../../../pic32mx/lib/liblega-c.a
LOAD /opt/microchip/xc32/v2.40/bin/bin/../../lib/gcc/pic32mx/4.8.3/../../../../pic32mx/lib/libm.a
LOAD /opt/microchip/xc32/v2.40/bin/bin/../../lib/gcc/pic32mx/4.8.3/../../../../pic32mx/lib/libe.a
LOAD /opt/microchip/xc32/v2.40/bin/bin/../../lib/gcc/pic32mx/4.8.3/../../../../pic32mx/lib/libdsp.a
LOAD /opt/microchip/xc32/v2.40/bin/bin/../../lib/gcc/pic32mx/4.8.3/libgcc.a
LOAD /opt/microchip/xc32/v2.40/bin/bin/../../lib/gcc/pic32mx/4.8.3/../../../../pic32mx/lib/libpic32.a
END GROUP
LOAD /opt/microchip/xc32/v2.40/bin/bin/../../lib/gcc/pic32mx/4.8.3/libgcc.a
OUTPUT(dist/default/production/HW2.X.production.elf elf32-tradlittlemips)
LOAD stack
LOAD data_init

.reginfo        0x0000000000000000       0x18
 .reginfo       0x0000000000000000       0x18 /opt/microchip/xc32/v2.40/bin/bin/../../lib/gcc/pic32mx/4.8.3/../../../../pic32mx/lib/debug-exception-return.o

.stack          0x00000000a00001c8      0x400
 .stack         0x00000000a00001c8      0x400 stack

.bss            0x00000000a0000000      0x12c
 .bss           0x00000000a0000000      0x12c build/default/production/main.o

.data           0x00000000a000012c       0x70
 .data          0x00000000a000012c       0x70 /opt/microchip/xc32/v2.40/bin/bin/../../lib/gcc/pic32mx/4.8.3/../../../../pic32mx/lib/libm.a(sincos32.o)
                0x00000000a000012c                sincon
                0x00000000a0000164                coscon

.bss%z1         0x0000000000000000        0x0
 .bss           0x0000000000000000        0x0 /opt/microchip/xc32/v2.40/bin/bin/../../lib/gcc/pic32mx/4.8.3/../../../../pic32mx/lib/libm.a(sigmax.o)

.data%z2        0x0000000000000000        0x0
 .data          0x0000000000000000        0x0 /opt/microchip/xc32/v2.40/bin/bin/../../lib/gcc/pic32mx/4.8.3/../../../../pic32mx/lib/libm.a(sigmax.o)

.bss%z3         0x0000000000000000        0x0
 .bss           0x0000000000000000        0x0 /opt/microchip/xc32/v2.40/bin/bin/../../lib/gcc/pic32mx/4.8.3/../../../../pic32mx/lib/libm.a(reduct32.o)

.data%z4        0x0000000000000000        0x0
 .data          0x0000000000000000        0x0 /opt/microchip/xc32/v2.40/bin/bin/../../lib/gcc/pic32mx/4.8.3/../../../../pic32mx/lib/libm.a(reduct32.o)

.bss%z5         0x0000000000000000        0x0
 .bss           0x0000000000000000        0x0 /opt/microchip/xc32/v2.40/bin/bin/../../lib/gcc/pic32mx/4.8.3/../../../../pic32mx/lib/libm.a(exmul.o)

.data%z6        0x0000000000000000        0x0
 .data          0x0000000000000000        0x0 /opt/microchip/xc32/v2.40/bin/bin/../../lib/gcc/pic32mx/4.8.3/../../../../pic32mx/lib/libm.a(exmul.o)

.bss%z7         0x0000000000000000        0x0
 .bss           0x0000000000000000        0x0 /opt/microchip/xc32/v2.40/bin/bin/../../lib/gcc/pic32mx/4.8.3/../../../../pic32mx/lib/libm.a(sincos32.o)

.bss%z8         0x0000000000000000        0x0
 .bss           0x0000000000000000        0x0 /opt/microchip/xc32/v2.40/bin/bin/../../lib/gcc/pic32mx/4.8.3/../../../../pic32mx/lib/libm.a(sin32.o)

.data%z9        0x0000000000000000        0x0
 .data          0x0000000000000000        0x0 /opt/microchip/xc32/v2.40/bin/bin/../../lib/gcc/pic32mx/4.8.3/../../../../pic32mx/lib/libm.a(sin32.o)

.bss%z10        0x0000000000000000        0x0
 .bss           0x0000000000000000        0x0 /opt/microchip/xc32/v2.40/bin/bin/../../lib/gcc/pic32mx/4.8.3/../../../../pic32mx/lib/libm.a(litodp.o)

.data%z11       0x0000000000000000        0x0
 .data          0x0000000000000000        0x0 /opt/microchip/xc32/v2.40/bin/bin/../../lib/gcc/pic32mx/4.8.3/../../../../pic32mx/lib/libm.a(litodp.o)

.bss%z12        0x0000000000000000        0x0
 .bss           0x0000000000000000        0x0 /opt/microchip/xc32/v2.40/bin/bin/../../lib/gcc/pic32mx/4.8.3/../../../../pic32mx/lib/libm.a(dptoul.o)

.data%z13       0x0000000000000000        0x0
 .data          0x0000000000000000        0x0 /opt/microchip/xc32/v2.40/bin/bin/../../lib/gcc/pic32mx/4.8.3/../../../../pic32mx/lib/libm.a(dptoul.o)

.bss%z14        0x0000000000000000        0x0
 .bss           0x0000000000000000        0x0 /opt/microchip/xc32/v2.40/bin/bin/../../lib/gcc/pic32mx/4.8.3/../../../../pic32mx/lib/libm.a(dp32subadd.o)

.data%z15       0x0000000000000000        0x0
 .data          0x0000000000000000        0x0 /opt/microchip/xc32/v2.40/bin/bin/../../lib/gcc/pic32mx/4.8.3/../../../../pic32mx/lib/libm.a(dp32subadd.o)

.bss%z16        0x0000000000000000        0x0
 .bss           0x0000000000000000        0x0 /opt/microchip/xc32/v2.40/bin/bin/../../lib/gcc/pic32mx/4.8.3/../../../../pic32mx/lib/libm.a(dp32mul.o)

.data%z17       0x0000000000000000        0x0
 .data          0x0000000000000000        0x0 /opt/microchip/xc32/v2.40/bin/bin/../../lib/gcc/pic32mx/4.8.3/../../../../pic32mx/lib/libm.a(dp32mul.o)

.bss%z18        0x0000000000000000        0x0
 .bss           0x0000000000000000        0x0 /opt/microchip/xc32/v2.40/bin/bin/../../lib/gcc/pic32mx/4.8.3/../../../../pic32mx/lib/libpic32.a(defaultinterrupt.o)

.data%z19       0x0000000000000000        0x0
 .data          0x0000000000000000        0x0 /opt/microchip/xc32/v2.40/bin/bin/../../lib/gcc/pic32mx/4.8.3/../../../../pic32mx/lib/libpic32.a(defaultinterrupt.o)

.bss%z20        0x0000000000000000        0x0
 .bss           0x0000000000000000        0x0 /opt/microchip/xc32/v2.40/bin/bin/../../lib/gcc/pic32mx/4.8.3/../../../../pic32mx/lib/libpic32.a(default-general-exception-handler.o)

.data%z21       0x0000000000000000        0x0
 .data          0x0000000000000000        0x0 /opt/microchip/xc32/v2.40/bin/bin/../../lib/gcc/pic32mx/4.8.3/../../../../pic32mx/lib/libpic32.a(default-general-exception-handler.o)

.bss%z22        0x0000000000000000        0x0
 .bss           0x0000000000000000        0x0 /opt/microchip/xc32/v2.40/bin/bin/../../lib/gcc/pic32mx/4.8.3/../../../../pic32mx/lib/libpic32.a(vector43.o)

.data%z23       0x0000000000000000        0x0
 .data          0x0000000000000000        0x0 /opt/microchip/xc32/v2.40/bin/bin/../../lib/gcc/pic32mx/4.8.3/../../../../pic32mx/lib/libpic32.a(vector43.o)

.bss%z24        0x0000000000000000        0x0
 .bss           0x0000000000000000        0x0 /opt/microchip/xc32/v2.40/bin/bin/../../lib/gcc/pic32mx/4.8.3/../../../../pic32mx/lib/libpic32.a(vector42.o)

.data%z25       0x0000000000000000        0x0
 .data          0x0000000000000000        0x0 /opt/microchip/xc32/v2.40/bin/bin/../../lib/gcc/pic32mx/4.8.3/../../../../pic32mx/lib/libpic32.a(vector42.o)

.bss%z26        0x0000000000000000        0x0
 .bss           0x0000000000000000        0x0 /opt/microchip/xc32/v2.40/bin/bin/../../lib/gcc/pic32mx/4.8.3/../../../../pic32mx/lib/libpic32.a(vector41.o)

.data%z27       0x0000000000000000        0x0
 .data          0x0000000000000000        0x0 /opt/microchip/xc32/v2.40/bin/bin/../../lib/gcc/pic32mx/4.8.3/../../../../pic32mx/lib/libpic32.a(vector41.o)

.bss%z28        0x0000000000000000        0x0
 .bss           0x0000000000000000        0x0 /opt/microchip/xc32/v2.40/bin/bin/../../lib/gcc/pic32mx/4.8.3/../../../../pic32mx/lib/libpic32.a(vector40.o)

.data%z29       0x0000000000000000        0x0
 .data          0x0000000000000000        0x0 /opt/microchip/xc32/v2.40/bin/bin/../../lib/gcc/pic32mx/4.8.3/../../../../pic32mx/lib/libpic32.a(vector40.o)

.bss%z30        0x0000000000000000        0x0
 .bss           0x0000000000000000        0x0 /opt/microchip/xc32/v2.40/bin/bin/../../lib/gcc/pic32mx/4.8.3/../../../../pic32mx/lib/libpic32.a(vector39.o)

.data%z31       0x0000000000000000        0x0
 .data          0x0000000000000000        0x0 /opt/microchip/xc32/v2.40/bin/bin/../../lib/gcc/pic32mx/4.8.3/../../../../pic32mx/lib/libpic32.a(vector39.o)

.bss%z32        0x0000000000000000        0x0
 .bss           0x0000000000000000        0x0 /opt/microchip/xc32/v2.40/bin/bin/../../lib/gcc/pic32mx/4.8.3/../../../../pic32mx/lib/libpic32.a(vector38.o)

.data%z33       0x0000000000000000        0x0
 .data          0x0000000000000000        0x0 /opt/microchip/xc32/v2.40/bin/bin/../../lib/gcc/pic32mx/4.8.3/../../../../pic32mx/lib/libpic32.a(vector38.o)

.bss%z34        0x0000000000000000        0x0
 .bss           0x0000000000000000        0x0 /opt/microchip/xc32/v2.40/bin/bin/../../lib/gcc/pic32mx/4.8.3/../../../../pic32mx/lib/libpic32.a(vector37.o)

.data%z35       0x0000000000000000        0x0
 .data          0x0000000000000000        0x0 /opt/microchip/xc32/v2.40/bin/bin/../../lib/gcc/pic32mx/4.8.3/../../../../pic32mx/lib/libpic32.a(vector37.o)

.bss%z36        0x0000000000000000        0x0
 .bss           0x0000000000000000        0x0 /opt/microchip/xc32/v2.40/bin/bin/../../lib/gcc/pic32mx/4.8.3/../../../../pic32mx/lib/libpic32.a(vector36.o)

.data%z37       0x0000000000000000        0x0
 .data          0x0000000000000000        0x0 /opt/microchip/xc32/v2.40/bin/bin/../../lib/gcc/pic32mx/4.8.3/../../../../pic32mx/lib/libpic32.a(vector36.o)

.bss%z38        0x0000000000000000        0x0
 .bss           0x0000000000000000        0x0 /opt/microchip/xc32/v2.40/bin/bin/../../lib/gcc/pic32mx/4.8.3/../../../../pic32mx/lib/libpic32.a(vector35.o)

.data%z39       0x0000000000000000        0x0
 .data          0x0000000000000000        0x0 /opt/microchip/xc32/v2.40/bin/bin/../../lib/gcc/pic32mx/4.8.3/../../../../pic32mx/lib/libpic32.a(vector35.o)

.bss%z40        0x0000000000000000        0x0
 .bss           0x0000000000000000        0x0 /opt/microchip/xc32/v2.40/bin/bin/../../lib/gcc/pic32mx/4.8.3/../../../../pic32mx/lib/libpic32.a(vector34.o)

.data%z41       0x0000000000000000        0x0
 .data          0x0000000000000000        0x0 /opt/microchip/xc32/v2.40/bin/bin/../../lib/gcc/pic32mx/4.8.3/../../../../pic32mx/lib/libpic32.a(vector34.o)

.bss%z42        0x0000000000000000        0x0
 .bss           0x0000000000000000        0x0 /opt/microchip/xc32/v2.40/bin/bin/../../lib/gcc/pic32mx/4.8.3/../../../../pic32mx/lib/libpic32.a(vector33.o)

.data%z43       0x0000000000000000        0x0
 .data          0x0000000000000000        0x0 /opt/microchip/xc32/v2.40/bin/bin/../../lib/gcc/pic32mx/4.8.3/../../../../pic32mx/lib/libpic32.a(vector33.o)

.bss%z44        0x0000000000000000        0x0
 .bss           0x0000000000000000        0x0 /opt/microchip/xc32/v2.40/bin/bin/../../lib/gcc/pic32mx/4.8.3/../../../../pic32mx/lib/libpic32.a(vector32.o)

.data%z45       0x0000000000000000        0x0
 .data          0x0000000000000000        0x0 /opt/microchip/xc32/v2.40/bin/bin/../../lib/gcc/pic32mx/4.8.3/../../../../pic32mx/lib/libpic32.a(vector32.o)

.bss%z46        0x0000000000000000        0x0
 .bss           0x0000000000000000        0x0 /opt/microchip/xc32/v2.40/bin/bin/../../lib/gcc/pic32mx/4.8.3/../../../../pic32mx/lib/libpic32.a(vector31.o)

.data%z47       0x0000000000000000        0x0
 .data          0x0000000000000000        0x0 /opt/microchip/xc32/v2.40/bin/bin/../../lib/gcc/pic32mx/4.8.3/../../../../pic32mx/lib/libpic32.a(vector31.o)

.bss%z48        0x0000000000000000        0x0
 .bss           0x0000000000000000        0x0 /opt/microchip/xc32/v2.40/bin/bin/../../lib/gcc/pic32mx/4.8.3/../../../../pic32mx/lib/libpic32.a(vector30.o)

.data%z49       0x0000000000000000        0x0
 .data          0x0000000000000000        0x0 /opt/microchip/xc32/v2.40/bin/bin/../../lib/gcc/pic32mx/4.8.3/../../../../pic32mx/lib/libpic32.a(vector30.o)

.bss%z50        0x0000000000000000        0x0
 .bss           0x0000000000000000        0x0 /opt/microchip/xc32/v2.40/bin/bin/../../lib/gcc/pic32mx/4.8.3/../../../../pic32mx/lib/libpic32.a(vector29.o)

.data%z51       0x0000000000000000        0x0
 .data          0x0000000000000000        0x0 /opt/microchip/xc32/v2.40/bin/bin/../../lib/gcc/pic32mx/4.8.3/../../../../pic32mx/lib/libpic32.a(vector29.o)

.bss%z52        0x0000000000000000        0x0
 .bss           0x0000000000000000        0x0 /opt/microchip/xc32/v2.40/bin/bin/../../lib/gcc/pic32mx/4.8.3/../../../../pic32mx/lib/libpic32.a(vector28.o)

.data%z53       0x0000000000000000        0x0
 .data          0x0000000000000000        0x0 /opt/microchip/xc32/v2.40/bin/bin/../../lib/gcc/pic32mx/4.8.3/../../../../pic32mx/lib/libpic32.a(vector28.o)

.bss%z54        0x0000000000000000        0x0
 .bss           0x0000000000000000        0x0 /opt/microchip/xc32/v2.40/bin/bin/../../lib/gcc/pic32mx/4.8.3/../../../../pic32mx/lib/libpic32.a(vector27.o)

.data%z55       0x0000000000000000        0x0
 .data          0x0000000000000000        0x0 /opt/microchip/xc32/v2.40/bin/bin/../../lib/gcc/pic32mx/4.8.3/../../../../pic32mx/lib/libpic32.a(vector27.o)

.bss%z56        0x0000000000000000        0x0
 .bss           0x0000000000000000        0x0 /opt/microchip/xc32/v2.40/bin/bin/../../lib/gcc/pic32mx/4.8.3/../../../../pic32mx/lib/libpic32.a(vector26.o)

.data%z57       0x0000000000000000        0x0
 .data          0x0000000000000000        0x0 /opt/microchip/xc32/v2.40/bin/bin/../../lib/gcc/pic32mx/4.8.3/../../../../pic32mx/lib/libpic32.a(vector26.o)

.bss%z58        0x0000000000000000        0x0
 .bss           0x0000000000000000        0x0 /opt/microchip/xc32/v2.40/bin/bin/../../lib/gcc/pic32mx/4.8.3/../../../../pic32mx/lib/libpic32.a(vector25.o)

.data%z59       0x0000000000000000        0x0
 .data          0x0000000000000000        0x0 /opt/microchip/xc32/v2.40/bin/bin/../../lib/gcc/pic32mx/4.8.3/../../../../pic32mx/lib/libpic32.a(vector25.o)

.bss%z60        0x0000000000000000        0x0
 .bss           0x0000000000000000        0x0 /opt/microchip/xc32/v2.40/bin/bin/../../lib/gcc/pic32mx/4.8.3/../../../../pic32mx/lib/libpic32.a(vector24.o)

.data%z61       0x0000000000000000        0x0
 .data          0x0000000000000000        0x0 /opt/microchip/xc32/v2.40/bin/bin/../../lib/gcc/pic32mx/4.8.3/../../../../pic32mx/lib/libpic32.a(vector24.o)

.bss%z62        0x0000000000000000        0x0
 .bss           0x0000000000000000        0x0 /opt/microchip/xc32/v2.40/bin/bin/../../lib/gcc/pic32mx/4.8.3/../../../../pic32mx/lib/libpic32.a(vector23.o)

.data%z63       0x0000000000000000        0x0
 .data          0x0000000000000000        0x0 /opt/microchip/xc32/v2.40/bin/bin/../../lib/gcc/pic32mx/4.8.3/../../../../pic32mx/lib/libpic32.a(vector23.o)

.bss%z64        0x0000000000000000        0x0
 .bss           0x0000000000000000        0x0 /opt/microchip/xc32/v2.40/bin/bin/../../lib/gcc/pic32mx/4.8.3/../../../../pic32mx/lib/libpic32.a(vector22.o)

.data%z65       0x0000000000000000        0x0
 .data          0x0000000000000000        0x0 /opt/microchip/xc32/v2.40/bin/bin/../../lib/gcc/pic32mx/4.8.3/../../../../pic32mx/lib/libpic32.a(vector22.o)

.bss%z66        0x0000000000000000        0x0
 .bss           0x0000000000000000        0x0 /opt/microchip/xc32/v2.40/bin/bin/../../lib/gcc/pic32mx/4.8.3/../../../../pic32mx/lib/libpic32.a(vector21.o)

.data%z67       0x0000000000000000        0x0
 .data          0x0000000000000000        0x0 /opt/microchip/xc32/v2.40/bin/bin/../../lib/gcc/pic32mx/4.8.3/../../../../pic32mx/lib/libpic32.a(vector21.o)

.bss%z68        0x0000000000000000        0x0
 .bss           0x0000000000000000        0x0 /opt/microchip/xc32/v2.40/bin/bin/../../lib/gcc/pic32mx/4.8.3/../../../../pic32mx/lib/libpic32.a(vector20.o)

.data%z69       0x0000000000000000        0x0
 .data          0x0000000000000000        0x0 /opt/microchip/xc32/v2.40/bin/bin/../../lib/gcc/pic32mx/4.8.3/../../../../pic32mx/lib/libpic32.a(vector20.o)

.bss%z70        0x0000000000000000        0x0
 .bss           0x0000000000000000        0x0 /opt/microchip/xc32/v2.40/bin/bin/../../lib/gcc/pic32mx/4.8.3/../../../../pic32mx/lib/libpic32.a(vector19.o)

.data%z71       0x0000000000000000        0x0
 .data          0x0000000000000000        0x0 /opt/microchip/xc32/v2.40/bin/bin/../../lib/gcc/pic32mx/4.8.3/../../../../pic32mx/lib/libpic32.a(vector19.o)

.bss%z72        0x0000000000000000        0x0
 .bss           0x0000000000000000        0x0 /opt/microchip/xc32/v2.40/bin/bin/../../lib/gcc/pic32mx/4.8.3/../../../../pic32mx/lib/libpic32.a(vector18.o)

.data%z73       0x0000000000000000        0x0
 .data          0x0000000000000000        0x0 /opt/microchip/xc32/v2.40/bin/bin/../../lib/gcc/pic32mx/4.8.3/../../../../pic32mx/lib/libpic32.a(vector18.o)

.bss%z74        0x0000000000000000        0x0
 .bss           0x0000000000000000        0x0 /opt/microchip/xc32/v2.40/bin/bin/../../lib/gcc/pic32mx/4.8.3/../../../../pic32mx/lib/libpic32.a(vector17.o)

.data%z75       0x0000000000000000        0x0
 .data          0x0000000000000000        0x0 /opt/microchip/xc32/v2.40/bin/bin/../../lib/gcc/pic32mx/4.8.3/../../../../pic32mx/lib/libpic32.a(vector17.o)

.bss%z76        0x0000000000000000        0x0
 .bss           0x0000000000000000        0x0 /opt/microchip/xc32/v2.40/bin/bin/../../lib/gcc/pic32mx/4.8.3/../../../../pic32mx/lib/libpic32.a(vector16.o)

.data%z77       0x0000000000000000        0x0
 .data          0x0000000000000000        0x0 /opt/microchip/xc32/v2.40/bin/bin/../../lib/gcc/pic32mx/4.8.3/../../../../pic32mx/lib/libpic32.a(vector16.o)

.bss%z78        0x0000000000000000        0x0
 .bss           0x0000000000000000        0x0 /opt/microchip/xc32/v2.40/bin/bin/../../lib/gcc/pic32mx/4.8.3/../../../../pic32mx/lib/libpic32.a(vector15.o)

.data%z79       0x0000000000000000        0x0
 .data          0x0000000000000000        0x0 /opt/microchip/xc32/v2.40/bin/bin/../../lib/gcc/pic32mx/4.8.3/../../../../pic32mx/lib/libpic32.a(vector15.o)

.bss%z80        0x0000000000000000        0x0
 .bss           0x0000000000000000        0x0 /opt/microchip/xc32/v2.40/bin/bin/../../lib/gcc/pic32mx/4.8.3/../../../../pic32mx/lib/libpic32.a(vector14.o)

.data%z81       0x0000000000000000        0x0
 .data          0x0000000000000000        0x0 /opt/microchip/xc32/v2.40/bin/bin/../../lib/gcc/pic32mx/4.8.3/../../../../pic32mx/lib/libpic32.a(vector14.o)

.bss%z82        0x0000000000000000        0x0
 .bss           0x0000000000000000        0x0 /opt/microchip/xc32/v2.40/bin/bin/../../lib/gcc/pic32mx/4.8.3/../../../../pic32mx/lib/libpic32.a(vector13.o)

.data%z83       0x0000000000000000        0x0
 .data          0x0000000000000000        0x0 /opt/microchip/xc32/v2.40/bin/bin/../../lib/gcc/pic32mx/4.8.3/../../../../pic32mx/lib/libpic32.a(vector13.o)

.bss%z84        0x0000000000000000        0x0
 .bss           0x0000000000000000        0x0 /opt/microchip/xc32/v2.40/bin/bin/../../lib/gcc/pic32mx/4.8.3/../../../../pic32mx/lib/libpic32.a(vector12.o)

.data%z85       0x0000000000000000        0x0
 .data          0x0000000000000000        0x0 /opt/microchip/xc32/v2.40/bin/bin/../../lib/gcc/pic32mx/4.8.3/../../../../pic32mx/lib/libpic32.a(vector12.o)

.bss%z86        0x0000000000000000        0x0
 .bss           0x0000000000000000        0x0 /opt/microchip/xc32/v2.40/bin/bin/../../lib/gcc/pic32mx/4.8.3/../../../../pic32mx/lib/libpic32.a(vector11.o)

.data%z87       0x0000000000000000        0x0
 .data          0x0000000000000000        0x0 /opt/microchip/xc32/v2.40/bin/bin/../../lib/gcc/pic32mx/4.8.3/../../../../pic32mx/lib/libpic32.a(vector11.o)

.bss%z88        0x0000000000000000        0x0
 .bss           0x0000000000000000        0x0 /opt/microchip/xc32/v2.40/bin/bin/../../lib/gcc/pic32mx/4.8.3/../../../../pic32mx/lib/libpic32.a(vector10.o)

.data%z89       0x0000000000000000        0x0
 .data          0x0000000000000000        0x0 /opt/microchip/xc32/v2.40/bin/bin/../../lib/gcc/pic32mx/4.8.3/../../../../pic32mx/lib/libpic32.a(vector10.o)

.bss%z90        0x0000000000000000        0x0
 .bss           0x0000000000000000        0x0 /opt/microchip/xc32/v2.40/bin/bin/../../lib/gcc/pic32mx/4.8.3/../../../../pic32mx/lib/libpic32.a(vector9.o)

.data%z91       0x0000000000000000        0x0
 .data          0x0000000000000000        0x0 /opt/microchip/xc32/v2.40/bin/bin/../../lib/gcc/pic32mx/4.8.3/../../../../pic32mx/lib/libpic32.a(vector9.o)

.bss%z92        0x0000000000000000        0x0
 .bss           0x0000000000000000        0x0 /opt/microchip/xc32/v2.40/bin/bin/../../lib/gcc/pic32mx/4.8.3/../../../../pic32mx/lib/libpic32.a(vector8.o)

.data%z93       0x0000000000000000        0x0
 .data          0x0000000000000000        0x0 /opt/microchip/xc32/v2.40/bin/bin/../../lib/gcc/pic32mx/4.8.3/../../../../pic32mx/lib/libpic32.a(vector8.o)

.bss%z94        0x0000000000000000        0x0
 .bss           0x0000000000000000        0x0 /opt/microchip/xc32/v2.40/bin/bin/../../lib/gcc/pic32mx/4.8.3/../../../../pic32mx/lib/libpic32.a(vector7.o)

.data%z95       0x0000000000000000        0x0
 .data          0x0000000000000000        0x0 /opt/microchip/xc32/v2.40/bin/bin/../../lib/gcc/pic32mx/4.8.3/../../../../pic32mx/lib/libpic32.a(vector7.o)

.bss%z96        0x0000000000000000        0x0
 .bss           0x0000000000000000        0x0 /opt/microchip/xc32/v2.40/bin/bin/../../lib/gcc/pic32mx/4.8.3/../../../../pic32mx/lib/libpic32.a(vector6.o)

.data%z97       0x0000000000000000        0x0
 .data          0x0000000000000000        0x0 /opt/microchip/xc32/v2.40/bin/bin/../../lib/gcc/pic32mx/4.8.3/../../../../pic32mx/lib/libpic32.a(vector6.o)

.bss%z98        0x0000000000000000        0x0
 .bss           0x0000000000000000        0x0 /opt/microchip/xc32/v2.40/bin/bin/../../lib/gcc/pic32mx/4.8.3/../../../../pic32mx/lib/libpic32.a(vector5.o)

.data%z99       0x0000000000000000        0x0
 .data          0x0000000000000000        0x0 /opt/microchip/xc32/v2.40/bin/bin/../../lib/gcc/pic32mx/4.8.3/../../../../pic32mx/lib/libpic32.a(vector5.o)

.bss%z100       0x0000000000000000        0x0
 .bss           0x0000000000000000        0x0 /opt/microchip/xc32/v2.40/bin/bin/../../lib/gcc/pic32mx/4.8.3/../../../../pic32mx/lib/libpic32.a(vector4.o)

.data%z101      0x0000000000000000        0x0
 .data          0x0000000000000000        0x0 /opt/microchip/xc32/v2.40/bin/bin/../../lib/gcc/pic32mx/4.8.3/../../../../pic32mx/lib/libpic32.a(vector4.o)

.bss%z102       0x0000000000000000        0x0
 .bss           0x0000000000000000        0x0 /opt/microchip/xc32/v2.40/bin/bin/../../lib/gcc/pic32mx/4.8.3/../../../../pic32mx/lib/libpic32.a(vector3.o)

.data%z103      0x0000000000000000        0x0
 .data          0x0000000000000000        0x0 /opt/microchip/xc32/v2.40/bin/bin/../../lib/gcc/pic32mx/4.8.3/../../../../pic32mx/lib/libpic32.a(vector3.o)

.bss%z104       0x0000000000000000        0x0
 .bss           0x0000000000000000        0x0 /opt/microchip/xc32/v2.40/bin/bin/../../lib/gcc/pic32mx/4.8.3/../../../../pic32mx/lib/libpic32.a(vector2.o)

.data%z105      0x0000000000000000        0x0
 .data          0x0000000000000000        0x0 /opt/microchip/xc32/v2.40/bin/bin/../../lib/gcc/pic32mx/4.8.3/../../../../pic32mx/lib/libpic32.a(vector2.o)

.bss%z106       0x0000000000000000        0x0
 .bss           0x0000000000000000        0x0 /opt/microchip/xc32/v2.40/bin/bin/../../lib/gcc/pic32mx/4.8.3/../../../../pic32mx/lib/libpic32.a(vector1.o)

.data%z107      0x0000000000000000        0x0
 .data          0x0000000000000000        0x0 /opt/microchip/xc32/v2.40/bin/bin/../../lib/gcc/pic32mx/4.8.3/../../../../pic32mx/lib/libpic32.a(vector1.o)

.bss%z108       0x0000000000000000        0x0
 .bss           0x0000000000000000        0x0 /opt/microchip/xc32/v2.40/bin/bin/../../lib/gcc/pic32mx/4.8.3/../../../../pic32mx/lib/libpic32.a(vector0.o)

.data%z109      0x0000000000000000        0x0
 .data          0x0000000000000000        0x0 /opt/microchip/xc32/v2.40/bin/bin/../../lib/gcc/pic32mx/4.8.3/../../../../pic32mx/lib/libpic32.a(vector0.o)

.bss%z110       0x0000000000000000        0x0
 .bss           0x0000000000000000        0x0 /opt/microchip/xc32/v2.40/bin/bin/../../lib/gcc/pic32mx/4.8.3/../../../../pic32mx/lib/libpic32.a(general-exception.o)

.data%z111      0x0000000000000000        0x0
 .data          0x0000000000000000        0x0 /opt/microchip/xc32/v2.40/bin/bin/../../lib/gcc/pic32mx/4.8.3/../../../../pic32mx/lib/libpic32.a(general-exception.o)

.bss%z112       0x0000000000000000        0x0
 .bss           0x0000000000000000        0x0 /opt/microchip/xc32/v2.40/bin/bin/../../lib/gcc/pic32mx/4.8.3/../../../../pic32mx/lib/libpic32.a(pic32_data_init.o)

.data%z113      0x0000000000000000        0x0
 .data          0x0000000000000000        0x0 /opt/microchip/xc32/v2.40/bin/bin/../../lib/gcc/pic32mx/4.8.3/../../../../pic32mx/lib/libpic32.a(pic32_data_init.o)

.bss%z114       0x0000000000000000        0x0
 .bss           0x0000000000000000        0x0 /opt/microchip/xc32/v2.40/bin/bin/../../lib/gcc/pic32mx/4.8.3/../../../../pic32mx/lib/libpic32.a(default-nmi-handler.o)

.data%z115      0x0000000000000000        0x0
 .data          0x0000000000000000        0x0 /opt/microchip/xc32/v2.40/bin/bin/../../lib/gcc/pic32mx/4.8.3/../../../../pic32mx/lib/libpic32.a(default-nmi-handler.o)

.bss%z116       0x0000000000000000        0x0
 .bss           0x0000000000000000        0x0 /opt/microchip/xc32/v2.40/bin/bin/../../lib/gcc/pic32mx/4.8.3/../../../../pic32mx/lib/libpic32.a(default-on-bootstrap.o)

.data%z117      0x0000000000000000        0x0
 .data          0x0000000000000000        0x0 /opt/microchip/xc32/v2.40/bin/bin/../../lib/gcc/pic32mx/4.8.3/../../../../pic32mx/lib/libpic32.a(default-on-bootstrap.o)

.bss%z118       0x0000000000000000        0x0
 .bss           0x0000000000000000        0x0 /opt/microchip/xc32/v2.40/bin/bin/../../lib/gcc/pic32mx/4.8.3/../../../../pic32mx/lib/libpic32.a(default-on-reset.o)

.data%z119      0x0000000000000000        0x0
 .data          0x0000000000000000        0x0 /opt/microchip/xc32/v2.40/bin/bin/../../lib/gcc/pic32mx/4.8.3/../../../../pic32mx/lib/libpic32.a(default-on-reset.o)

.bss%z120       0x0000000000000000        0x0
 .bss           0x0000000000000000        0x0 /opt/microchip/xc32/v2.40/bin/bin/../../lib/gcc/pic32mx/4.8.3/../../../../pic32mx/lib/libpic32.a(default-bootstrap-exception-handler.o)

.data%z121      0x0000000000000000        0x0
 .data          0x0000000000000000        0x0 /opt/microchip/xc32/v2.40/bin/bin/../../lib/gcc/pic32mx/4.8.3/../../../../pic32mx/lib/libpic32.a(default-bootstrap-exception-handler.o)

.bss%z122       0x0000000000000000        0x0
 .bss           0x0000000000000000        0x0 /opt/microchip/xc32/v2.40/bin/bin/../../lib/gcc/pic32mx/4.8.3/../../../../pic32mx/lib/./proc/32MX170F256B/processor.o

.data%z123      0x0000000000000000        0x0
 .data          0x0000000000000000        0x0 /opt/microchip/xc32/v2.40/bin/bin/../../lib/gcc/pic32mx/4.8.3/../../../../pic32mx/lib/./proc/32MX170F256B/processor.o

.bss%z124       0x0000000000000000        0x0
 .bss           0x0000000000000000        0x0 /opt/microchip/xc32/v2.40/bin/bin/../../lib/gcc/pic32mx/4.8.3/../../../../pic32mx/lib/pic32_software_reset.o

.data%z125      0x0000000000000000        0x0
 .data          0x0000000000000000        0x0 /opt/microchip/xc32/v2.40/bin/bin/../../lib/gcc/pic32mx/4.8.3/../../../../pic32mx/lib/pic32_software_reset.o

.bss%z126       0x0000000000000000        0x0
 .bss           0x0000000000000000        0x0 /tmp/cc4joijj.o

.data%z127      0x0000000000000000        0x0
 .data          0x0000000000000000        0x0 /tmp/cc4joijj.o

.bss%z128       0x0000000000000000        0x0
 .bss           0x0000000000000000        0x0 /tmp/ccUq3PWW.o

.data%z129      0x0000000000000000        0x0
 .data          0x0000000000000000        0x0 /tmp/ccUq3PWW.o

.bss%z130       0x0000000000000000        0x0
 .bss           0x0000000000000000        0x0 /tmp/ccIjVd5B.o

.data%z131      0x0000000000000000        0x0
 .data          0x0000000000000000        0x0 /tmp/ccIjVd5B.o

.bss%z132       0x0000000000000000        0x0
 .bss           0x0000000000000000        0x0 build/default/production/spi.o

.data%z133      0x0000000000000000        0x0
 .data          0x0000000000000000        0x0 build/default/production/spi.o

.data%z134      0x0000000000000000        0x0
 .data          0x0000000000000000        0x0 build/default/production/main.o

.bss%z135       0x0000000000000000        0x0
 .bss           0x0000000000000000        0x0 /opt/microchip/xc32/v2.40/bin/bin/../../lib/gcc/pic32mx/4.8.3/../../../../pic32mx/lib/debug-exception-return.o

.data%z136      0x0000000000000000        0x0
 .data          0x0000000000000000        0x0 /opt/microchip/xc32/v2.40/bin/bin/../../lib/gcc/pic32mx/4.8.3/../../../../pic32mx/lib/debug-exception-return.o

._debug_exception
                0xffffffffbfc00480       0x2c
 ._debug_exception
                0xffffffffbfc00480       0x2c /opt/microchip/xc32/v2.40/bin/bin/../../lib/gcc/pic32mx/4.8.3/../../../../pic32mx/lib/debug-exception-return.o
                0xffffffffbfc00480                __DbgExecReturn

.text           0x000000009d000000      0x4c4
 .text          0x000000009d000000      0x4c4 build/default/production/main.o
                0x000000009d000000                main
                0x000000009d00027c                makesine
                0x000000009d0003ac                maketriangle

.text.dp32subadd
                0x000000009d0004c4      0x430
 .text.dp32subadd
                0x000000009d0004c4      0x430 /opt/microchip/xc32/v2.40/bin/bin/../../lib/gcc/pic32mx/4.8.3/../../../../pic32mx/lib/libm.a(dp32subadd.o)
                0x000000009d0004c4                dpsub
                0x000000009d0004c4                __subdf3
                0x000000009d0004cc                __adddf3
                0x000000009d0004cc                dpadd

.text.dp32mul   0x000000009d0008f4      0x32c
 .text.dp32mul  0x000000009d0008f4      0x32c /opt/microchip/xc32/v2.40/bin/bin/../../lib/gcc/pic32mx/4.8.3/../../../../pic32mx/lib/libm.a(dp32mul.o)
                0x000000009d0008f4                dpmul
                0x000000009d0008f4                __muldf3

.text.libm      0x000000009d000c20      0x1b8
 .text.libm     0x000000009d000c20      0x1b8 /opt/microchip/xc32/v2.40/bin/bin/../../lib/gcc/pic32mx/4.8.3/../../../../pic32mx/lib/libm.a(reduct32.o)
                0x000000009d000c20                reduct

.text           0x000000009d000dd8      0x2d0
 .text          0x000000009d000dd8      0x19c /opt/microchip/xc32/v2.40/bin/bin/../../lib/gcc/pic32mx/4.8.3/../../../../pic32mx/lib/libm.a(sin32.o)
                0x000000009d000dd8                dpsin
                0x000000009d000dd8                sinl
                0x000000009d000dd8                sin
 .text          0x000000009d000f74      0x134 build/default/production/spi.o
                0x000000009d000f74                initSPI
                0x000000009d001050                spi_io

.text.libm      0x000000009d0010a8      0x10c
 .text.libm     0x000000009d0010a8      0x10c /opt/microchip/xc32/v2.40/bin/bin/../../lib/gcc/pic32mx/4.8.3/../../../../pic32mx/lib/libm.a(sigmax.o)
                0x000000009d0010a8                sigmax

.text.general_exception
                0x000000009d0011b4       0xdc
 .text.general_exception
                0x000000009d0011b4       0xdc /opt/microchip/xc32/v2.40/bin/bin/../../lib/gcc/pic32mx/4.8.3/../../../../pic32mx/lib/libpic32.a(general-exception.o)
                0x000000009d0011b4                _general_exception_context

.text.libm      0x000000009d001290       0xd0
 .text.libm     0x000000009d001290       0xd0 /opt/microchip/xc32/v2.40/bin/bin/../../lib/gcc/pic32mx/4.8.3/../../../../pic32mx/lib/libm.a(exmul.o)
                0x000000009d001290                exmul

.dinit          0x000000009d001360       0x90
 .dinit         0x000000009d001360       0x90 data_init

.text.dptoul    0x000000009d0013f0       0x8c
 .text.dptoul   0x000000009d0013f0       0x8c /opt/microchip/xc32/v2.40/bin/bin/../../lib/gcc/pic32mx/4.8.3/../../../../pic32mx/lib/libm.a(dptoul.o)
                0x000000009d0013f0                __fixunsdfsi
                0x000000009d0013f0                dptoul

.text           0x000000009d00147c       0x84
 .text          0x000000009d00147c       0x84 /opt/microchip/xc32/v2.40/bin/bin/../../lib/gcc/pic32mx/4.8.3/../../../../pic32mx/lib/libpic32.a(pic32_data_init.o)
                0x000000009d00147c                __pic32_data_init

.text.litodp    0x000000009d001500       0x78
 .text.litodp   0x000000009d001500       0x78 /opt/microchip/xc32/v2.40/bin/bin/../../lib/gcc/pic32mx/4.8.3/../../../../pic32mx/lib/libm.a(litodp.o)
                0x000000009d001500                __floatsidf
                0x000000009d001500                litodp

.text.main_entry
                0x000000009d001578       0x54
 .text.main_entry
                0x000000009d001578       0x54 /tmp/ccIjVd5B.o
                0x000000009d0015ac                __crt0_exit

.text._bootstrap_exception_handler
                0x000000009d0015cc       0x48
 .text._bootstrap_exception_handler
                0x000000009d0015cc       0x48 /opt/microchip/xc32/v2.40/bin/bin/../../lib/gcc/pic32mx/4.8.3/../../../../pic32mx/lib/libpic32.a(default-bootstrap-exception-handler.o)
                0x000000009d0015cc                _bootstrap_exception_handler

.text._general_exception_handler
                0x000000009d001614       0x48
 .text._general_exception_handler
                0x000000009d001614       0x48 /opt/microchip/xc32/v2.40/bin/bin/../../lib/gcc/pic32mx/4.8.3/../../../../pic32mx/lib/libpic32.a(default-general-exception-handler.o)
                0x000000009d001614                _general_exception_handler

.vector_default
                0x000000009d00165c       0x48
 .vector_default
                0x000000009d00165c       0x48 /opt/microchip/xc32/v2.40/bin/bin/../../lib/gcc/pic32mx/4.8.3/../../../../pic32mx/lib/libpic32.a(defaultinterrupt.o)
                0x000000009d00165c                _DefaultInterrupt

.text           0x000000009d0016a4       0x5c
 .text          0x000000009d0016a4       0x44 /opt/microchip/xc32/v2.40/bin/bin/../../lib/gcc/pic32mx/4.8.3/../../../../pic32mx/lib/pic32_software_reset.o
                0x000000009d0016a4                __pic32_software_reset
 .text          0x000000009d0016e8       0x18 /opt/microchip/xc32/v2.40/bin/bin/../../lib/gcc/pic32mx/4.8.3/../../../../pic32mx/lib/libpic32.a(default-nmi-handler.o)
                0x000000009d0016e8                _nmi_handler

.rodata         0x000000009d001700        0x8
 .rodata        0x000000009d001700        0x8 build/default/production/main.o

.text._on_reset
                0x000000009d001708        0x8
 .text._on_reset
                0x000000009d001708        0x8 /opt/microchip/xc32/v2.40/bin/bin/../../lib/gcc/pic32mx/4.8.3/../../../../pic32mx/lib/libpic32.a(default-on-reset.o)
                0x000000009d001708                _on_reset

.text._on_bootstrap
                0x000000009d001710        0x8
 .text._on_bootstrap
                0x000000009d001710        0x8 /opt/microchip/xc32/v2.40/bin/bin/../../lib/gcc/pic32mx/4.8.3/../../../../pic32mx/lib/libpic32.a(default-on-bootstrap.o)
                0x000000009d001710                _on_bootstrap

.text%z137      0x0000000000000000        0x0
 .text          0x0000000000000000        0x0 /opt/microchip/xc32/v2.40/bin/bin/../../lib/gcc/pic32mx/4.8.3/../../../../pic32mx/lib/libm.a(sigmax.o)

.text%z138      0x0000000000000000        0x0
 .text          0x0000000000000000        0x0 /opt/microchip/xc32/v2.40/bin/bin/../../lib/gcc/pic32mx/4.8.3/../../../../pic32mx/lib/libm.a(reduct32.o)

.text%z139      0x0000000000000000        0x0
 .text          0x0000000000000000        0x0 /opt/microchip/xc32/v2.40/bin/bin/../../lib/gcc/pic32mx/4.8.3/../../../../pic32mx/lib/libm.a(exmul.o)

.text%z140      0x0000000000000000        0x0
 .text          0x0000000000000000        0x0 /opt/microchip/xc32/v2.40/bin/bin/../../lib/gcc/pic32mx/4.8.3/../../../../pic32mx/lib/libm.a(sincos32.o)

.text.libm%z141
                0x0000000000000000        0x0
 .text.libm     0x0000000000000000        0x0 /opt/microchip/xc32/v2.40/bin/bin/../../lib/gcc/pic32mx/4.8.3/../../../../pic32mx/lib/libm.a(sin32.o)

.text%z142      0x0000000000000000        0x0
 .text          0x0000000000000000        0x0 /opt/microchip/xc32/v2.40/bin/bin/../../lib/gcc/pic32mx/4.8.3/../../../../pic32mx/lib/libm.a(litodp.o)

.text%z143      0x0000000000000000        0x0
 .text          0x0000000000000000        0x0 /opt/microchip/xc32/v2.40/bin/bin/../../lib/gcc/pic32mx/4.8.3/../../../../pic32mx/lib/libm.a(dptoul.o)

.text%z144      0x0000000000000000        0x0
 .text          0x0000000000000000        0x0 /opt/microchip/xc32/v2.40/bin/bin/../../lib/gcc/pic32mx/4.8.3/../../../../pic32mx/lib/libm.a(dp32subadd.o)

.text%z145      0x0000000000000000        0x0
 .text          0x0000000000000000        0x0 /opt/microchip/xc32/v2.40/bin/bin/../../lib/gcc/pic32mx/4.8.3/../../../../pic32mx/lib/libm.a(dp32mul.o)

.text%z146      0x0000000000000000        0x0
 .text          0x0000000000000000        0x0 /opt/microchip/xc32/v2.40/bin/bin/../../lib/gcc/pic32mx/4.8.3/../../../../pic32mx/lib/libpic32.a(defaultinterrupt.o)

.text%z147      0x0000000000000000        0x0
 .text          0x0000000000000000        0x0 /opt/microchip/xc32/v2.40/bin/bin/../../lib/gcc/pic32mx/4.8.3/../../../../pic32mx/lib/libpic32.a(default-general-exception-handler.o)

.text%z148      0x0000000000000000        0x0
 .text          0x0000000000000000        0x0 /opt/microchip/xc32/v2.40/bin/bin/../../lib/gcc/pic32mx/4.8.3/../../../../pic32mx/lib/libpic32.a(vector43.o)

.text%z149      0x0000000000000000        0x0
 .text          0x0000000000000000        0x0 /opt/microchip/xc32/v2.40/bin/bin/../../lib/gcc/pic32mx/4.8.3/../../../../pic32mx/lib/libpic32.a(vector42.o)

.text%z150      0x0000000000000000        0x0
 .text          0x0000000000000000        0x0 /opt/microchip/xc32/v2.40/bin/bin/../../lib/gcc/pic32mx/4.8.3/../../../../pic32mx/lib/libpic32.a(vector41.o)

.text%z151      0x0000000000000000        0x0
 .text          0x0000000000000000        0x0 /opt/microchip/xc32/v2.40/bin/bin/../../lib/gcc/pic32mx/4.8.3/../../../../pic32mx/lib/libpic32.a(vector40.o)

.text%z152      0x0000000000000000        0x0
 .text          0x0000000000000000        0x0 /opt/microchip/xc32/v2.40/bin/bin/../../lib/gcc/pic32mx/4.8.3/../../../../pic32mx/lib/libpic32.a(vector39.o)

.text%z153      0x0000000000000000        0x0
 .text          0x0000000000000000        0x0 /opt/microchip/xc32/v2.40/bin/bin/../../lib/gcc/pic32mx/4.8.3/../../../../pic32mx/lib/libpic32.a(vector38.o)

.text%z154      0x0000000000000000        0x0
 .text          0x0000000000000000        0x0 /opt/microchip/xc32/v2.40/bin/bin/../../lib/gcc/pic32mx/4.8.3/../../../../pic32mx/lib/libpic32.a(vector37.o)

.text%z155      0x0000000000000000        0x0
 .text          0x0000000000000000        0x0 /opt/microchip/xc32/v2.40/bin/bin/../../lib/gcc/pic32mx/4.8.3/../../../../pic32mx/lib/libpic32.a(vector36.o)

.text%z156      0x0000000000000000        0x0
 .text          0x0000000000000000        0x0 /opt/microchip/xc32/v2.40/bin/bin/../../lib/gcc/pic32mx/4.8.3/../../../../pic32mx/lib/libpic32.a(vector35.o)

.text%z157      0x0000000000000000        0x0
 .text          0x0000000000000000        0x0 /opt/microchip/xc32/v2.40/bin/bin/../../lib/gcc/pic32mx/4.8.3/../../../../pic32mx/lib/libpic32.a(vector34.o)

.text%z158      0x0000000000000000        0x0
 .text          0x0000000000000000        0x0 /opt/microchip/xc32/v2.40/bin/bin/../../lib/gcc/pic32mx/4.8.3/../../../../pic32mx/lib/libpic32.a(vector33.o)

.text%z159      0x0000000000000000        0x0
 .text          0x0000000000000000        0x0 /opt/microchip/xc32/v2.40/bin/bin/../../lib/gcc/pic32mx/4.8.3/../../../../pic32mx/lib/libpic32.a(vector32.o)

.text%z160      0x0000000000000000        0x0
 .text          0x0000000000000000        0x0 /opt/microchip/xc32/v2.40/bin/bin/../../lib/gcc/pic32mx/4.8.3/../../../../pic32mx/lib/libpic32.a(vector31.o)

.text%z161      0x0000000000000000        0x0
 .text          0x0000000000000000        0x0 /opt/microchip/xc32/v2.40/bin/bin/../../lib/gcc/pic32mx/4.8.3/../../../../pic32mx/lib/libpic32.a(vector30.o)

.text%z162      0x0000000000000000        0x0
 .text          0x0000000000000000        0x0 /opt/microchip/xc32/v2.40/bin/bin/../../lib/gcc/pic32mx/4.8.3/../../../../pic32mx/lib/libpic32.a(vector29.o)

.text%z163      0x0000000000000000        0x0
 .text          0x0000000000000000        0x0 /opt/microchip/xc32/v2.40/bin/bin/../../lib/gcc/pic32mx/4.8.3/../../../../pic32mx/lib/libpic32.a(vector28.o)

.text%z164      0x0000000000000000        0x0
 .text          0x0000000000000000        0x0 /opt/microchip/xc32/v2.40/bin/bin/../../lib/gcc/pic32mx/4.8.3/../../../../pic32mx/lib/libpic32.a(vector27.o)

.text%z165      0x0000000000000000        0x0
 .text          0x0000000000000000        0x0 /opt/microchip/xc32/v2.40/bin/bin/../../lib/gcc/pic32mx/4.8.3/../../../../pic32mx/lib/libpic32.a(vector26.o)

.text%z166      0x0000000000000000        0x0
 .text          0x0000000000000000        0x0 /opt/microchip/xc32/v2.40/bin/bin/../../lib/gcc/pic32mx/4.8.3/../../../../pic32mx/lib/libpic32.a(vector25.o)

.text%z167      0x0000000000000000        0x0
 .text          0x0000000000000000        0x0 /opt/microchip/xc32/v2.40/bin/bin/../../lib/gcc/pic32mx/4.8.3/../../../../pic32mx/lib/libpic32.a(vector24.o)

.text%z168      0x0000000000000000        0x0
 .text          0x0000000000000000        0x0 /opt/microchip/xc32/v2.40/bin/bin/../../lib/gcc/pic32mx/4.8.3/../../../../pic32mx/lib/libpic32.a(vector23.o)

.text%z169      0x0000000000000000        0x0
 .text          0x0000000000000000        0x0 /opt/microchip/xc32/v2.40/bin/bin/../../lib/gcc/pic32mx/4.8.3/../../../../pic32mx/lib/libpic32.a(vector22.o)

.text%z170      0x0000000000000000        0x0
 .text          0x0000000000000000        0x0 /opt/microchip/xc32/v2.40/bin/bin/../../lib/gcc/pic32mx/4.8.3/../../../../pic32mx/lib/libpic32.a(vector21.o)

.text%z171      0x0000000000000000        0x0
 .text          0x0000000000000000        0x0 /opt/microchip/xc32/v2.40/bin/bin/../../lib/gcc/pic32mx/4.8.3/../../../../pic32mx/lib/libpic32.a(vector20.o)

.text%z172      0x0000000000000000        0x0
 .text          0x0000000000000000        0x0 /opt/microchip/xc32/v2.40/bin/bin/../../lib/gcc/pic32mx/4.8.3/../../../../pic32mx/lib/libpic32.a(vector19.o)

.text%z173      0x0000000000000000        0x0
 .text          0x0000000000000000        0x0 /opt/microchip/xc32/v2.40/bin/bin/../../lib/gcc/pic32mx/4.8.3/../../../../pic32mx/lib/libpic32.a(vector18.o)

.text%z174      0x0000000000000000        0x0
 .text          0x0000000000000000        0x0 /opt/microchip/xc32/v2.40/bin/bin/../../lib/gcc/pic32mx/4.8.3/../../../../pic32mx/lib/libpic32.a(vector17.o)

.text%z175      0x0000000000000000        0x0
 .text          0x0000000000000000        0x0 /opt/microchip/xc32/v2.40/bin/bin/../../lib/gcc/pic32mx/4.8.3/../../../../pic32mx/lib/libpic32.a(vector16.o)

.text%z176      0x0000000000000000        0x0
 .text          0x0000000000000000        0x0 /opt/microchip/xc32/v2.40/bin/bin/../../lib/gcc/pic32mx/4.8.3/../../../../pic32mx/lib/libpic32.a(vector15.o)

.text%z177      0x0000000000000000        0x0
 .text          0x0000000000000000        0x0 /opt/microchip/xc32/v2.40/bin/bin/../../lib/gcc/pic32mx/4.8.3/../../../../pic32mx/lib/libpic32.a(vector14.o)

.text%z178      0x0000000000000000        0x0
 .text          0x0000000000000000        0x0 /opt/microchip/xc32/v2.40/bin/bin/../../lib/gcc/pic32mx/4.8.3/../../../../pic32mx/lib/libpic32.a(vector13.o)

.text%z179      0x0000000000000000        0x0
 .text          0x0000000000000000        0x0 /opt/microchip/xc32/v2.40/bin/bin/../../lib/gcc/pic32mx/4.8.3/../../../../pic32mx/lib/libpic32.a(vector12.o)

.text%z180      0x0000000000000000        0x0
 .text          0x0000000000000000        0x0 /opt/microchip/xc32/v2.40/bin/bin/../../lib/gcc/pic32mx/4.8.3/../../../../pic32mx/lib/libpic32.a(vector11.o)

.text%z181      0x0000000000000000        0x0
 .text          0x0000000000000000        0x0 /opt/microchip/xc32/v2.40/bin/bin/../../lib/gcc/pic32mx/4.8.3/../../../../pic32mx/lib/libpic32.a(vector10.o)

.text%z182      0x0000000000000000        0x0
 .text          0x0000000000000000        0x0 /opt/microchip/xc32/v2.40/bin/bin/../../lib/gcc/pic32mx/4.8.3/../../../../pic32mx/lib/libpic32.a(vector9.o)

.text%z183      0x0000000000000000        0x0
 .text          0x0000000000000000        0x0 /opt/microchip/xc32/v2.40/bin/bin/../../lib/gcc/pic32mx/4.8.3/../../../../pic32mx/lib/libpic32.a(vector8.o)

.text%z184      0x0000000000000000        0x0
 .text          0x0000000000000000        0x0 /opt/microchip/xc32/v2.40/bin/bin/../../lib/gcc/pic32mx/4.8.3/../../../../pic32mx/lib/libpic32.a(vector7.o)

.text%z185      0x0000000000000000        0x0
 .text          0x0000000000000000        0x0 /opt/microchip/xc32/v2.40/bin/bin/../../lib/gcc/pic32mx/4.8.3/../../../../pic32mx/lib/libpic32.a(vector6.o)

.text%z186      0x0000000000000000        0x0
 .text          0x0000000000000000        0x0 /opt/microchip/xc32/v2.40/bin/bin/../../lib/gcc/pic32mx/4.8.3/../../../../pic32mx/lib/libpic32.a(vector5.o)

.text%z187      0x0000000000000000        0x0
 .text          0x0000000000000000        0x0 /opt/microchip/xc32/v2.40/bin/bin/../../lib/gcc/pic32mx/4.8.3/../../../../pic32mx/lib/libpic32.a(vector4.o)

.text%z188      0x0000000000000000        0x0
 .text          0x0000000000000000        0x0 /opt/microchip/xc32/v2.40/bin/bin/../../lib/gcc/pic32mx/4.8.3/../../../../pic32mx/lib/libpic32.a(vector3.o)

.text%z189      0x0000000000000000        0x0
 .text          0x0000000000000000        0x0 /opt/microchip/xc32/v2.40/bin/bin/../../lib/gcc/pic32mx/4.8.3/../../../../pic32mx/lib/libpic32.a(vector2.o)

.text%z190      0x0000000000000000        0x0
 .text          0x0000000000000000        0x0 /opt/microchip/xc32/v2.40/bin/bin/../../lib/gcc/pic32mx/4.8.3/../../../../pic32mx/lib/libpic32.a(vector1.o)

.text%z191      0x0000000000000000        0x0
 .text          0x0000000000000000        0x0 /opt/microchip/xc32/v2.40/bin/bin/../../lib/gcc/pic32mx/4.8.3/../../../../pic32mx/lib/libpic32.a(vector0.o)

.text%z192      0x0000000000000000        0x0
 .text          0x0000000000000000        0x0 /opt/microchip/xc32/v2.40/bin/bin/../../lib/gcc/pic32mx/4.8.3/../../../../pic32mx/lib/libpic32.a(general-exception.o)

.text%z193      0x0000000000000000        0x0
 .text          0x0000000000000000        0x0 /opt/microchip/xc32/v2.40/bin/bin/../../lib/gcc/pic32mx/4.8.3/../../../../pic32mx/lib/libpic32.a(default-on-bootstrap.o)

.text%z194      0x0000000000000000        0x0
 .text          0x0000000000000000        0x0 /opt/microchip/xc32/v2.40/bin/bin/../../lib/gcc/pic32mx/4.8.3/../../../../pic32mx/lib/libpic32.a(default-on-reset.o)

.text%z195      0x0000000000000000        0x0
 .text          0x0000000000000000        0x0 /opt/microchip/xc32/v2.40/bin/bin/../../lib/gcc/pic32mx/4.8.3/../../../../pic32mx/lib/libpic32.a(default-bootstrap-exception-handler.o)

.text%z196      0x0000000000000000        0x0
 .text          0x0000000000000000        0x0 /opt/microchip/xc32/v2.40/bin/bin/../../lib/gcc/pic32mx/4.8.3/../../../../pic32mx/lib/./proc/32MX170F256B/processor.o

.text%z197      0x0000000000000000        0x0
 .text          0x0000000000000000        0x0 /tmp/cc4joijj.o

.text%z198      0x0000000000000000        0x0
 .text          0x0000000000000000        0x0 /tmp/ccUq3PWW.o

.text%z199      0x0000000000000000        0x0
 .text          0x0000000000000000        0x0 /tmp/ccIjVd5B.o

.text%z200      0x0000000000000000        0x0